nohup: 忽略输入
══════════════════════════════════════════════════════════
  RQ3 Performance Experiment Launcher
══════════════════════════════════════════════════════════
运行 hs (binpash/hs, executor path) 基线实验（无需守护进程）...

[build] Compiling benchmarks ...
[build] Done

######################################################################
  BASELINE WORKLOAD W1 [noop] (repeats=1000)
######################################################################
  [baseline-harness] Starting W1 [noop] repeats=1000
  [baseline-harness]   Measuring raw execution ...
  [harness]   raw progress: 200/1000
  [harness]   raw progress: 400/1000
  [harness]   raw progress: 600/1000
  [harness]   raw progress: 800/1000
  [harness]   raw progress: 1000/1000
  [baseline-harness]   Measuring spec (commit) ...
  [baseline-harness]   spec(commit) progress: 200/1000
  [baseline-harness]   spec(commit) progress: 400/1000
  [baseline-harness]   spec(commit) progress: 600/1000
  [baseline-harness]   spec(commit) progress: 800/1000
  [baseline-harness]   spec(commit) progress: 1000/1000
  [baseline-harness]   Measuring spec (rollback) ...
  [baseline-harness]   spec(rollback) progress: 200/1000
  [baseline-harness]   spec(rollback) progress: 400/1000
  [baseline-harness]   spec(rollback) progress: 600/1000
  [baseline-harness]   spec(rollback) progress: 800/1000
  [baseline-harness]   spec(rollback) progress: 1000/1000
  [baseline-harness]   Done in 387.8s

######################################################################
  BASELINE WORKLOAD W2 [10ms] (repeats=1000)
######################################################################
  [baseline-harness] Starting W2 [10ms] repeats=1000
  [baseline-harness]   Measuring raw execution ...
  [harness]   raw progress: 200/1000
  [harness]   raw progress: 400/1000
  [harness]   raw progress: 600/1000
  [harness]   raw progress: 800/1000
  [harness]   raw progress: 1000/1000
  [baseline-harness]   Measuring spec (commit) ...
  [baseline-harness]   spec(commit) progress: 200/1000
  [baseline-harness]   spec(commit) progress: 400/1000
  [baseline-harness]   spec(commit) progress: 600/1000
  [baseline-harness]   spec(commit) progress: 800/1000
  [baseline-harness]   spec(commit) progress: 1000/1000
  [baseline-harness]   Measuring spec (rollback) ...
  [baseline-harness]   spec(rollback) progress: 200/1000
  [baseline-harness]   spec(rollback) progress: 400/1000
  [baseline-harness]   spec(rollback) progress: 600/1000
  [baseline-harness]   spec(rollback) progress: 800/1000
  [baseline-harness]   spec(rollback) progress: 1000/1000
  [baseline-harness]   Done in 420.3s

######################################################################
  BASELINE WORKLOAD W2 [100ms] (repeats=1000)
######################################################################
  [baseline-harness] Starting W2 [100ms] repeats=1000
  [baseline-harness]   Measuring raw execution ...
  [harness]   raw progress: 200/1000
  [harness]   raw progress: 400/1000
  [harness]   raw progress: 600/1000
  [harness]   raw progress: 800/1000
  [harness]   raw progress: 1000/1000
  [baseline-harness]   Measuring spec (commit) ...
  [baseline-harness]   spec(commit) progress: 200/1000
  [baseline-harness]   spec(commit) progress: 400/1000
  [baseline-harness]   spec(commit) progress: 600/1000
  [baseline-harness]   spec(commit) progress: 800/1000
  [baseline-harness]   spec(commit) progress: 1000/1000
  [baseline-harness]   Measuring spec (rollback) ...
  [baseline-harness]   spec(rollback) progress: 200/1000
  [baseline-harness]   spec(rollback) progress: 400/1000
  [baseline-harness]   spec(rollback) progress: 600/1000
  [baseline-harness]   spec(rollback) progress: 800/1000
  [baseline-harness]   spec(rollback) progress: 1000/1000
  [baseline-harness]   Done in 726.4s

######################################################################
  BASELINE WORKLOAD W2 [1000ms] (repeats=1000)
######################################################################
  [baseline-harness] Starting W2 [1000ms] repeats=1000
  [baseline-harness]   Measuring raw execution ...
  [harness]   raw progress: 200/1000
  [harness]   raw progress: 400/1000
  [harness]   raw progress: 600/1000
  [harness]   raw progress: 800/1000
  [harness]   raw progress: 1000/1000
  [baseline-harness]   Measuring spec (commit) ...
  [baseline-harness]   spec(commit) progress: 200/1000
  [baseline-harness]   spec(commit) progress: 400/1000
  [baseline-harness]   spec(commit) progress: 600/1000
  [baseline-harness]   spec(commit) progress: 800/1000
  [baseline-harness]   spec(commit) progress: 1000/1000
  [baseline-harness]   Measuring spec (rollback) ...
  [baseline-harness]   spec(rollback) progress: 200/1000
  [baseline-harness]   spec(rollback) progress: 400/1000
  [baseline-harness]   spec(rollback) progress: 600/1000
  [baseline-harness]   spec(rollback) progress: 800/1000
  [baseline-harness]   spec(rollback) progress: 1000/1000
  [baseline-harness]   Done in 3448.9s

######################################################################
  BASELINE WORKLOAD W3a [read_4KiB] (repeats=200)
######################################################################
  [baseline-harness] Starting W3a [read_4KiB] repeats=200
  [baseline-harness]   Measuring raw execution ...
  [harness]   raw progress: 40/200
  [harness]   raw progress: 80/200
  [harness]   raw progress: 120/200
  [harness]   raw progress: 160/200
  [harness]   raw progress: 200/200
  [baseline-harness]   Measuring spec (commit) ...
  [baseline-harness]   spec(commit) progress: 40/200
  [baseline-harness]   spec(commit) progress: 80/200
  [baseline-harness]   spec(commit) progress: 120/200
  [baseline-harness]   spec(commit) progress: 160/200
  [baseline-harness]   spec(commit) progress: 200/200
  [baseline-harness]   Measuring spec (rollback) ...
  [baseline-harness]   spec(rollback) progress: 40/200
  [baseline-harness]   spec(rollback) progress: 80/200
  [baseline-harness]   spec(rollback) progress: 120/200
  [baseline-harness]   spec(rollback) progress: 160/200
  [baseline-harness]   spec(rollback) progress: 200/200
  [baseline-harness]   Done in 80.6s

######################################################################
  BASELINE WORKLOAD W3a [read_1MiB] (repeats=200)
######################################################################
  [baseline-harness] Starting W3a [read_1MiB] repeats=200
  [baseline-harness]   Measuring raw execution ...
  [harness]   raw progress: 40/200
  [harness]   raw progress: 80/200
  [harness]   raw progress: 120/200
  [harness]   raw progress: 160/200
  [harness]   raw progress: 200/200
  [baseline-harness]   Measuring spec (commit) ...
  [baseline-harness]   spec(commit) progress: 40/200
  [baseline-harness]   spec(commit) progress: 80/200
  [baseline-harness]   spec(commit) progress: 120/200
  [baseline-harness]   spec(commit) progress: 160/200
  [baseline-harness]   spec(commit) progress: 200/200
  [baseline-harness]   Measuring spec (rollback) ...
  [baseline-harness]   spec(rollback) progress: 40/200
  [baseline-harness]   spec(rollback) progress: 80/200
  [baseline-harness]   spec(rollback) progress: 120/200
  [baseline-harness]   spec(rollback) progress: 160/200
  [baseline-harness]   spec(rollback) progress: 200/200
  [baseline-harness]   Done in 81.5s

######################################################################
  BASELINE WORKLOAD W3a [read_64MiB] (repeats=200)
######################################################################
  [baseline-harness] Starting W3a [read_64MiB] repeats=200
  [baseline-harness]   Measuring raw execution ...
  [harness]   raw progress: 40/200
  [harness]   raw progress: 80/200
  [harness]   raw progress: 120/200
  [harness]   raw progress: 160/200
  [harness]   raw progress: 200/200
  [baseline-harness]   Measuring spec (commit) ...
  [baseline-harness]   spec(commit) progress: 40/200
  [baseline-harness]   spec(commit) progress: 80/200
  [baseline-harness]   spec(commit) progress: 120/200
  [baseline-harness]   spec(commit) progress: 160/200
  [baseline-harness]   spec(commit) progress: 200/200
  [baseline-harness]   Measuring spec (rollback) ...
  [baseline-harness]   spec(rollback) progress: 40/200
  [baseline-harness]   spec(rollback) progress: 80/200
  [baseline-harness]   spec(rollback) progress: 120/200
  [baseline-harness]   spec(rollback) progress: 160/200
  [baseline-harness]   spec(rollback) progress: 200/200
  [baseline-harness]   Done in 95.8s

######################################################################
  BASELINE WORKLOAD W3b [repeat_read_1MiB_x100] (repeats=200)
######################################################################
  [baseline-harness] Starting W3b [repeat_read_1MiB_x100] repeats=200
  [baseline-harness]   Measuring raw execution ...
  [harness]   raw progress: 40/200
  [harness]   raw progress: 80/200
  [harness]   raw progress: 120/200
  [harness]   raw progress: 160/200
  [harness]   raw progress: 200/200
  [baseline-harness]   Measuring spec (commit) ...
  [baseline-harness]   spec(commit) progress: 40/200
  [baseline-harness]   spec(commit) progress: 80/200
  [baseline-harness]   spec(commit) progress: 120/200
  [baseline-harness]   spec(commit) progress: 160/200
  [baseline-harness]   spec(commit) progress: 200/200
  [baseline-harness]   Measuring spec (rollback) ...
  [baseline-harness]   spec(rollback) progress: 40/200
  [baseline-harness]   spec(rollback) progress: 80/200
  [baseline-harness]   spec(rollback) progress: 120/200
  [baseline-harness]   spec(rollback) progress: 160/200
  [baseline-harness]   spec(rollback) progress: 200/200
  [baseline-harness]   Done in 104.8s

######################################################################
  BASELINE WORKLOAD W4 [new_4KiB] (repeats=200)
######################################################################
  [baseline-harness] Starting W4 [new_4KiB] repeats=200
  [baseline-harness]   Measuring raw execution ...
  [harness]   raw progress: 40/200
  [harness]   raw progress: 80/200
  [harness]   raw progress: 120/200
  [harness]   raw progress: 160/200
  [harness]   raw progress: 200/200
  [baseline-harness]   Measuring spec (commit) ...
  [baseline-harness]   spec(commit) progress: 40/200
  [baseline-harness]   spec(commit) progress: 80/200
  [baseline-harness]   spec(commit) progress: 120/200
  [baseline-harness]   spec(commit) progress: 160/200
  [baseline-harness]   spec(commit) progress: 200/200
  [baseline-harness]   Measuring spec (rollback) ...
  [baseline-harness]   spec(rollback) progress: 40/200
  [baseline-harness]   spec(rollback) progress: 80/200
  [baseline-harness]   spec(rollback) progress: 120/200
  [baseline-harness]   spec(rollback) progress: 160/200
  [baseline-harness]   spec(rollback) progress: 200/200
  [baseline-harness]   Done in 82.6s

######################################################################
  BASELINE WORKLOAD W4 [new_1MiB] (repeats=200)
######################################################################
  [baseline-harness] Starting W4 [new_1MiB] repeats=200
  [baseline-harness]   Measuring raw execution ...
  [harness]   raw progress: 40/200
  [harness]   raw progress: 80/200
  [harness]   raw progress: 120/200
  [harness]   raw progress: 160/200
  [harness]   raw progress: 200/200
  [baseline-harness]   Measuring spec (commit) ...
  [baseline-harness]   spec(commit) progress: 40/200
  [baseline-harness]   spec(commit) progress: 80/200
  [baseline-harness]   spec(commit) progress: 120/200
  [baseline-harness]   spec(commit) progress: 160/200
  [baseline-harness]   spec(commit) progress: 200/200
  [baseline-harness]   Measuring spec (rollback) ...
  [baseline-harness]   spec(rollback) progress: 40/200
  [baseline-harness]   spec(rollback) progress: 80/200
  [baseline-harness]   spec(rollback) progress: 120/200
  [baseline-harness]   spec(rollback) progress: 160/200
  [baseline-harness]   spec(rollback) progress: 200/200
  [baseline-harness]   Done in 83.8s

######################################################################
  BASELINE WORKLOAD W4 [new_16MiB] (repeats=200)
######################################################################
  [baseline-harness] Starting W4 [new_16MiB] repeats=200
  [baseline-harness]   Measuring raw execution ...
  [harness]   raw progress: 40/200
  [harness]   raw progress: 80/200
  [harness]   raw progress: 120/200
  [harness]   raw progress: 160/200
  [harness]   raw progress: 200/200
  [baseline-harness]   Measuring spec (commit) ...
  [baseline-harness]   spec(commit) progress: 40/200
  [baseline-harness]   spec(commit) progress: 80/200
  [baseline-harness]   spec(commit) progress: 120/200
  [baseline-harness]   spec(commit) progress: 160/200
  [baseline-harness]   spec(commit) progress: 200/200
  [baseline-harness]   Measuring spec (rollback) ...
  [baseline-harness]   spec(rollback) progress: 40/200
  [baseline-harness]   spec(rollback) progress: 80/200
  [baseline-harness]   spec(rollback) progress: 120/200
  [baseline-harness]   spec(rollback) progress: 160/200
  [baseline-harness]   spec(rollback) progress: 200/200
  [baseline-harness]   Done in 97.0s

######################################################################
  BASELINE WORKLOAD W5 [overwrite4K_orig4KiB] (repeats=200)
######################################################################
  [baseline-harness] Starting W5 [overwrite4K_orig4KiB] repeats=200
  [baseline-harness]   Measuring raw execution ...
  [harness]   raw progress: 40/200
  [harness]   raw progress: 80/200
  [harness]   raw progress: 120/200
  [harness]   raw progress: 160/200
  [harness]   raw progress: 200/200
  [baseline-harness]   Measuring spec (commit) ...
  [baseline-harness]   spec(commit) progress: 40/200
  [baseline-harness]   spec(commit) progress: 80/200
  [baseline-harness]   spec(commit) progress: 120/200
  [baseline-harness]   spec(commit) progress: 160/200
  [baseline-harness]   spec(commit) progress: 200/200
  [baseline-harness]   Measuring spec (rollback) ...
  [baseline-harness]   spec(rollback) progress: 40/200
  [baseline-harness]   spec(rollback) progress: 80/200
  [baseline-harness]   spec(rollback) progress: 120/200
  [baseline-harness]   spec(rollback) progress: 160/200
  [baseline-harness]   spec(rollback) progress: 200/200
  [baseline-harness]   Done in 82.9s

######################################################################
  BASELINE WORKLOAD W5 [overwrite4K_orig1MiB] (repeats=200)
######################################################################
  [baseline-harness] Starting W5 [overwrite4K_orig1MiB] repeats=200
  [baseline-harness]   Measuring raw execution ...
  [harness]   raw progress: 40/200
  [harness]   raw progress: 80/200
  [harness]   raw progress: 120/200
  [harness]   raw progress: 160/200
  [harness]   raw progress: 200/200
  [baseline-harness]   Measuring spec (commit) ...
  [baseline-harness]   spec(commit) progress: 40/200
  [baseline-harness]   spec(commit) progress: 80/200
  [baseline-harness]   spec(commit) progress: 120/200
  [baseline-harness]   spec(commit) progress: 160/200
  [baseline-harness]   spec(commit) progress: 200/200
  [baseline-harness]   Measuring spec (rollback) ...
  [baseline-harness]   spec(rollback) progress: 40/200
  [baseline-harness]   spec(rollback) progress: 80/200
  [baseline-harness]   spec(rollback) progress: 120/200
  [baseline-harness]   spec(rollback) progress: 160/200
  [baseline-harness]   spec(rollback) progress: 200/200
  [baseline-harness]   Done in 85.3s

######################################################################
  BASELINE WORKLOAD W5 [overwrite4K_orig16MiB] (repeats=200)
######################################################################
  [baseline-harness] Starting W5 [overwrite4K_orig16MiB] repeats=200
  [baseline-harness]   Measuring raw execution ...
  [harness]   raw progress: 40/200
  [harness]   raw progress: 80/200
  [harness]   raw progress: 120/200
  [harness]   raw progress: 160/200
  [harness]   raw progress: 200/200
  [baseline-harness]   Measuring spec (commit) ...
  [baseline-harness]   spec(commit) progress: 40/200
  [baseline-harness]   spec(commit) progress: 80/200
  [baseline-harness]   spec(commit) progress: 120/200
  [baseline-harness]   spec(commit) progress: 160/200
  [baseline-harness]   spec(commit) progress: 200/200
  [baseline-harness]   Measuring spec (rollback) ...
  [baseline-harness]   spec(rollback) progress: 40/200
  [baseline-harness]   spec(rollback) progress: 80/200
  [baseline-harness]   spec(rollback) progress: 120/200
  [baseline-harness]   spec(rollback) progress: 160/200
  [baseline-harness]   spec(rollback) progress: 200/200
  [baseline-harness]   Done in 117.9s

######################################################################
  BASELINE WORKLOAD W6 [writes_x1] (repeats=200)
######################################################################
  [baseline-harness] Starting W6 [writes_x1] repeats=200
  [baseline-harness]   Measuring raw execution ...
  [harness]   raw progress: 40/200
  [harness]   raw progress: 80/200
  [harness]   raw progress: 120/200
  [harness]   raw progress: 160/200
  [harness]   raw progress: 200/200
  [baseline-harness]   Measuring spec (commit) ...
  [baseline-harness]   spec(commit) progress: 40/200
  [baseline-harness]   spec(commit) progress: 80/200
  [baseline-harness]   spec(commit) progress: 120/200
  [baseline-harness]   spec(commit) progress: 160/200
  [baseline-harness]   spec(commit) progress: 200/200
  [baseline-harness]   Measuring spec (rollback) ...
  [baseline-harness]   spec(rollback) progress: 40/200
  [baseline-harness]   spec(rollback) progress: 80/200
  [baseline-harness]   spec(rollback) progress: 120/200
  [baseline-harness]   spec(rollback) progress: 160/200
  [baseline-harness]   spec(rollback) progress: 200/200
  [baseline-harness]   Done in 97.0s

######################################################################
  BASELINE WORKLOAD W6 [writes_x10] (repeats=200)
######################################################################
  [baseline-harness] Starting W6 [writes_x10] repeats=200
  [baseline-harness]   Measuring raw execution ...
  [harness]   raw progress: 40/200
  [harness]   raw progress: 80/200
  [harness]   raw progress: 120/200
  [harness]   raw progress: 160/200
  [harness]   raw progress: 200/200
  [baseline-harness]   Measuring spec (commit) ...
  [baseline-harness]   spec(commit) progress: 40/200
  [baseline-harness]   spec(commit) progress: 80/200
  [baseline-harness]   spec(commit) progress: 120/200
  [baseline-harness]   spec(commit) progress: 160/200
  [baseline-harness]   spec(commit) progress: 200/200
  [baseline-harness]   Measuring spec (rollback) ...
  [baseline-harness]   spec(rollback) progress: 40/200
  [baseline-harness]   spec(rollback) progress: 80/200
  [baseline-harness]   spec(rollback) progress: 120/200
  [baseline-harness]   spec(rollback) progress: 160/200
  [baseline-harness]   spec(rollback) progress: 200/200
  [baseline-harness]   Done in 97.0s

######################################################################
  BASELINE WORKLOAD W6 [writes_x100] (repeats=200)
######################################################################
  [baseline-harness] Starting W6 [writes_x100] repeats=200
  [baseline-harness]   Measuring raw execution ...
  [harness]   raw progress: 40/200
  [harness]   raw progress: 80/200
  [harness]   raw progress: 120/200
  [harness]   raw progress: 160/200
  [harness]   raw progress: 200/200
  [baseline-harness]   Measuring spec (commit) ...
  [baseline-harness]   spec(commit) progress: 40/200
  [baseline-harness]   spec(commit) progress: 80/200
  [baseline-harness]   spec(commit) progress: 120/200
  [baseline-harness]   spec(commit) progress: 160/200
  [baseline-harness]   spec(commit) progress: 200/200
  [baseline-harness]   Measuring spec (rollback) ...
  [baseline-harness]   spec(rollback) progress: 40/200
  [baseline-harness]   spec(rollback) progress: 80/200
  [baseline-harness]   spec(rollback) progress: 120/200
  [baseline-harness]   spec(rollback) progress: 160/200
  [baseline-harness]   spec(rollback) progress: 200/200
  [baseline-harness]   Done in 96.8s

######################################################################
  BASELINE WORKLOAD W6 [writes_x1000] (repeats=200)
######################################################################
  [baseline-harness] Starting W6 [writes_x1000] repeats=200
  [baseline-harness]   Measuring raw execution ...
  [harness]   raw progress: 40/200
  [harness]   raw progress: 80/200
  [harness]   raw progress: 120/200
  [harness]   raw progress: 160/200
  [harness]   raw progress: 200/200
  [baseline-harness]   Measuring spec (commit) ...
  [baseline-harness]   spec(commit) progress: 40/200
  [baseline-harness]   spec(commit) progress: 80/200
  [baseline-harness]   spec(commit) progress: 120/200
  [baseline-harness]   spec(commit) progress: 160/200
  [baseline-harness]   spec(commit) progress: 200/200
  [baseline-harness]   Measuring spec (rollback) ...
  [baseline-harness]   spec(rollback) progress: 40/200
  [baseline-harness]   spec(rollback) progress: 80/200
  [baseline-harness]   spec(rollback) progress: 120/200
  [baseline-harness]   spec(rollback) progress: 160/200
  [baseline-harness]   spec(rollback) progress: 200/200
  [baseline-harness]   Done in 99.4s

######################################################################
  BASELINE WORKLOAD W7 [files_x1] (repeats=100)
######################################################################
  [baseline-harness] Starting W7 [files_x1] repeats=100
  [baseline-harness]   Measuring raw execution ...
  [harness]   raw progress: 20/100
  [harness]   raw progress: 40/100
  [harness]   raw progress: 60/100
  [harness]   raw progress: 80/100
  [harness]   raw progress: 100/100
  [baseline-harness]   Measuring spec (commit) ...
  [baseline-harness]   spec(commit) progress: 20/100
  [baseline-harness]   spec(commit) progress: 40/100
  [baseline-harness]   spec(commit) progress: 60/100
  [baseline-harness]   spec(commit) progress: 80/100
  [baseline-harness]   spec(commit) progress: 100/100
  [baseline-harness]   Measuring spec (rollback) ...
  [baseline-harness]   spec(rollback) progress: 20/100
  [baseline-harness]   spec(rollback) progress: 40/100
  [baseline-harness]   spec(rollback) progress: 60/100
  [baseline-harness]   spec(rollback) progress: 80/100
  [baseline-harness]   spec(rollback) progress: 100/100
  [baseline-harness]   Done in 49.1s

######################################################################
  BASELINE WORKLOAD W7 [files_x10] (repeats=100)
######################################################################
  [baseline-harness] Starting W7 [files_x10] repeats=100
  [baseline-harness]   Measuring raw execution ...
  [harness]   raw progress: 20/100
  [harness]   raw progress: 40/100
  [harness]   raw progress: 60/100
  [harness]   raw progress: 80/100
  [harness]   raw progress: 100/100
  [baseline-harness]   Measuring spec (commit) ...
  [baseline-harness]   spec(commit) progress: 20/100
  [baseline-harness]   spec(commit) progress: 40/100
  [baseline-harness]   spec(commit) progress: 60/100
  [baseline-harness]   spec(commit) progress: 80/100
  [baseline-harness]   spec(commit) progress: 100/100
  [baseline-harness]   Measuring spec (rollback) ...
  [baseline-harness]   spec(rollback) progress: 20/100
  [baseline-harness]   spec(rollback) progress: 40/100
  [baseline-harness]   spec(rollback) progress: 60/100
  [baseline-harness]   spec(rollback) progress: 80/100
  [baseline-harness]   spec(rollback) progress: 100/100
  [baseline-harness]   Done in 51.1s

######################################################################
  BASELINE WORKLOAD W7 [files_x100] (repeats=100)
######################################################################
  [baseline-harness] Starting W7 [files_x100] repeats=100
  [baseline-harness]   Measuring raw execution ...
  [harness]   raw progress: 20/100
  [harness]   raw progress: 40/100
  [harness]   raw progress: 60/100
  [harness]   raw progress: 80/100
  [harness]   raw progress: 100/100
  [baseline-harness]   Measuring spec (commit) ...
  [baseline-harness]   spec(commit) progress: 20/100
  [baseline-harness]   spec(commit) progress: 40/100
  [baseline-harness]   spec(commit) progress: 60/100
  [baseline-harness]   spec(commit) progress: 80/100
  [baseline-harness]   spec(commit) progress: 100/100
  [baseline-harness]   Measuring spec (rollback) ...
  [baseline-harness]   spec(rollback) progress: 20/100
  [baseline-harness]   spec(rollback) progress: 40/100
  [baseline-harness]   spec(rollback) progress: 60/100
  [baseline-harness]   spec(rollback) progress: 80/100
  [baseline-harness]   spec(rollback) progress: 100/100
  [baseline-harness]   Done in 61.9s

######################################################################
  BASELINE WORKLOAD W7 [files_x500] (repeats=100)
######################################################################
  [baseline-harness] Starting W7 [files_x500] repeats=100
  [baseline-harness]   Measuring raw execution ...
  [harness]   raw progress: 20/100
  [harness]   raw progress: 40/100
  [harness]   raw progress: 60/100
  [harness]   raw progress: 80/100
  [harness]   raw progress: 100/100
  [baseline-harness]   Measuring spec (commit) ...
  [baseline-harness]   spec(commit) progress: 20/100
  [baseline-harness]   spec(commit) progress: 40/100
  [baseline-harness]   spec(commit) progress: 60/100
  [baseline-harness]   spec(commit) progress: 80/100
  [baseline-harness]   spec(commit) progress: 100/100
  [baseline-harness]   Measuring spec (rollback) ...
  [baseline-harness]   spec(rollback) progress: 20/100
  [baseline-harness]   spec(rollback) progress: 40/100
  [baseline-harness]   spec(rollback) progress: 60/100
  [baseline-harness]   spec(rollback) progress: 80/100
  [baseline-harness]   spec(rollback) progress: 100/100
  [baseline-harness]   Done in 121.5s

######################################################################
  BASELINE WORKLOAD W8 [rename_x1] (repeats=100)
######################################################################
  [baseline-harness] Starting W8 [rename_x1] repeats=100
  [baseline-harness]   Measuring raw execution ...
  [harness]   raw progress: 20/100
  [harness]   raw progress: 40/100
  [harness]   raw progress: 60/100
  [harness]   raw progress: 80/100
  [harness]   raw progress: 100/100
  [baseline-harness]   Measuring spec (commit) ...
  [baseline-harness]   spec(commit) progress: 20/100
  [baseline-harness]   spec(commit) progress: 40/100
  [baseline-harness]   spec(commit) progress: 60/100
  [baseline-harness]   spec(commit) progress: 80/100
  [baseline-harness]   spec(commit) progress: 100/100
  [baseline-harness]   Measuring spec (rollback) ...
  [baseline-harness]   spec(rollback) progress: 20/100
  [baseline-harness]   spec(rollback) progress: 40/100
  [baseline-harness]   spec(rollback) progress: 60/100
  [baseline-harness]   spec(rollback) progress: 80/100
  [baseline-harness]   spec(rollback) progress: 100/100
  [baseline-harness]   Done in 43.7s

######################################################################
  BASELINE WORKLOAD W8 [rename_x10] (repeats=100)
######################################################################
  [baseline-harness] Starting W8 [rename_x10] repeats=100
  [baseline-harness]   Measuring raw execution ...
  [harness]   raw progress: 20/100
  [harness]   raw progress: 40/100
  [harness]   raw progress: 60/100
  [harness]   raw progress: 80/100
  [harness]   raw progress: 100/100
  [baseline-harness]   Measuring spec (commit) ...
  [baseline-harness]   spec(commit) progress: 20/100
  [baseline-harness]   spec(commit) progress: 40/100
  [baseline-harness]   spec(commit) progress: 60/100
  [baseline-harness]   spec(commit) progress: 80/100
  [baseline-harness]   spec(commit) progress: 100/100
  [baseline-harness]   Measuring spec (rollback) ...
  [baseline-harness]   spec(rollback) progress: 20/100
  [baseline-harness]   spec(rollback) progress: 40/100
  [baseline-harness]   spec(rollback) progress: 60/100
  [baseline-harness]   spec(rollback) progress: 80/100
  [baseline-harness]   spec(rollback) progress: 100/100
  [baseline-harness]   Done in 47.7s

######################################################################
  BASELINE WORKLOAD W8 [rename_x100] (repeats=100)
######################################################################
  [baseline-harness] Starting W8 [rename_x100] repeats=100
  [baseline-harness]   Measuring raw execution ...
  [harness]   raw progress: 20/100
  [harness]   raw progress: 40/100
  [harness]   raw progress: 60/100
  [harness]   raw progress: 80/100
  [harness]   raw progress: 100/100
  [baseline-harness]   Measuring spec (commit) ...
  [baseline-harness]   spec(commit) progress: 20/100
  [baseline-harness]   spec(commit) progress: 40/100
  [baseline-harness]   spec(commit) progress: 60/100
  [baseline-harness]   spec(commit) progress: 80/100
  [baseline-harness]   spec(commit) progress: 100/100
  [baseline-harness]   Measuring spec (rollback) ...
  [baseline-harness]   spec(rollback) progress: 20/100
  [baseline-harness]   spec(rollback) progress: 40/100
  [baseline-harness]   spec(rollback) progress: 60/100
  [baseline-harness]   spec(rollback) progress: 80/100
  [baseline-harness]   spec(rollback) progress: 100/100
  [baseline-harness]   Done in 88.0s

######################################################################
  BASELINE WORKLOAD W8 [rename_x500] (repeats=100)
######################################################################
  [baseline-harness] Starting W8 [rename_x500] repeats=100
  [baseline-harness]   Measuring raw execution ...
  [harness]   raw progress: 20/100
  [harness]   raw progress: 40/100
  [harness]   raw progress: 60/100
  [harness]   raw progress: 80/100
  [harness]   raw progress: 100/100
  [baseline-harness]   Measuring spec (commit) ...
  [baseline-harness]   spec(commit) progress: 20/100
  [baseline-harness]   spec(commit) progress: 40/100
  [baseline-harness]   spec(commit) progress: 60/100
  [baseline-harness]   spec(commit) progress: 80/100
  [baseline-harness]   spec(commit) progress: 100/100
  [baseline-harness]   Measuring spec (rollback) ...
  [baseline-harness]   spec(rollback) progress: 20/100
  [baseline-harness]   spec(rollback) progress: 40/100
  [baseline-harness]   spec(rollback) progress: 60/100
  [baseline-harness]   spec(rollback) progress: 80/100
  [baseline-harness]   spec(rollback) progress: 100/100
  [baseline-harness]   Done in 267.9s

######################################################################
  BASELINE WORKLOAD W9a [single_1KiB] (repeats=200)
######################################################################
  [baseline-harness] Starting W9a [single_1KiB] repeats=200
  [baseline-harness]   Measuring raw execution ...
  [harness]   raw progress: 40/200
  [harness]   raw progress: 80/200
  [harness]   raw progress: 120/200
  [harness]   raw progress: 160/200
  [harness]   raw progress: 200/200
  [baseline-harness]   Measuring spec (commit) ...
  [baseline-harness]   spec(commit) progress: 40/200
  [baseline-harness]   spec(commit) progress: 80/200
  [baseline-harness]   spec(commit) progress: 120/200
  [baseline-harness]   spec(commit) progress: 160/200
  [baseline-harness]   spec(commit) progress: 200/200
  [baseline-harness]   Measuring spec (rollback) ...
  [baseline-harness]   spec(rollback) progress: 40/200
  [baseline-harness]   spec(rollback) progress: 80/200
  [baseline-harness]   spec(rollback) progress: 120/200
  [baseline-harness]   spec(rollback) progress: 160/200
  [baseline-harness]   spec(rollback) progress: 200/200
  [baseline-harness]   Done in 81.0s

######################################################################
  BASELINE WORKLOAD W9a [single_10KiB] (repeats=200)
######################################################################
  [baseline-harness] Starting W9a [single_10KiB] repeats=200
  [baseline-harness]   Measuring raw execution ...
  [harness]   raw progress: 40/200
  [harness]   raw progress: 80/200
  [harness]   raw progress: 120/200
  [harness]   raw progress: 160/200
  [harness]   raw progress: 200/200
  [baseline-harness]   Measuring spec (commit) ...
  [baseline-harness]   spec(commit) progress: 40/200
  [baseline-harness]   spec(commit) progress: 80/200
  [baseline-harness]   spec(commit) progress: 120/200
  [baseline-harness]   spec(commit) progress: 160/200
  [baseline-harness]   spec(commit) progress: 200/200
  [baseline-harness]   Measuring spec (rollback) ...
  [baseline-harness]   spec(rollback) progress: 40/200
  [baseline-harness]   spec(rollback) progress: 80/200
  [baseline-harness]   spec(rollback) progress: 120/200
  [baseline-harness]   spec(rollback) progress: 160/200
  [baseline-harness]   spec(rollback) progress: 200/200
  [baseline-harness]   Done in 81.1s

######################################################################
  BASELINE WORKLOAD W9a [single_100KiB] (repeats=200)
######################################################################
  [baseline-harness] Starting W9a [single_100KiB] repeats=200
  [baseline-harness]   Measuring raw execution ...
  [harness]   raw progress: 40/200
  [harness]   raw progress: 80/200
  [harness]   raw progress: 120/200
  [harness]   raw progress: 160/200
  [harness]   raw progress: 200/200
  [baseline-harness]   Measuring spec (commit) ...
  [baseline-harness]   spec(commit) progress: 40/200
  [baseline-harness]   spec(commit) progress: 80/200
  [baseline-harness]   spec(commit) progress: 120/200
  [baseline-harness]   spec(commit) progress: 160/200
  [baseline-harness]   spec(commit) progress: 200/200
  [baseline-harness]   Measuring spec (rollback) ...
  [baseline-harness]   spec(rollback) progress: 40/200
  [baseline-harness]   spec(rollback) progress: 80/200
  [baseline-harness]   spec(rollback) progress: 120/200
  [baseline-harness]   spec(rollback) progress: 160/200
  [baseline-harness]   spec(rollback) progress: 200/200
  [baseline-harness]   Done in 81.3s

######################################################################
  BASELINE WORKLOAD W9a [single_1MiB] (repeats=200)
######################################################################
  [baseline-harness] Starting W9a [single_1MiB] repeats=200
  [baseline-harness]   Measuring raw execution ...
  [harness]   raw progress: 40/200
  [harness]   raw progress: 80/200
  [harness]   raw progress: 120/200
  [harness]   raw progress: 160/200
  [harness]   raw progress: 200/200
  [baseline-harness]   Measuring spec (commit) ...
  [baseline-harness]   spec(commit) progress: 40/200
  [baseline-harness]   spec(commit) progress: 80/200
  [baseline-harness]   spec(commit) progress: 120/200
  [baseline-harness]   spec(commit) progress: 160/200
  [baseline-harness]   spec(commit) progress: 200/200
  [baseline-harness]   Measuring spec (rollback) ...
  [baseline-harness]   spec(rollback) progress: 40/200
  [baseline-harness]   spec(rollback) progress: 80/200
  [baseline-harness]   spec(rollback) progress: 120/200
  [baseline-harness]   spec(rollback) progress: 160/200
  [baseline-harness]   spec(rollback) progress: 200/200
  [baseline-harness]   Done in 83.9s

######################################################################
  BASELINE WORKLOAD W9b [entries_x10] (repeats=200)
######################################################################
  [baseline-harness] Starting W9b [entries_x10] repeats=200
  [baseline-harness]   Measuring raw execution ...
  [harness]   raw progress: 40/200
  [harness]   raw progress: 80/200
  [harness]   raw progress: 120/200
  [harness]   raw progress: 160/200
  [harness]   raw progress: 200/200
  [baseline-harness]   Measuring spec (commit) ...
  [baseline-harness]   spec(commit) progress: 40/200
  [baseline-harness]   spec(commit) progress: 80/200
  [baseline-harness]   spec(commit) progress: 120/200
  [baseline-harness]   spec(commit) progress: 160/200
  [baseline-harness]   spec(commit) progress: 200/200
  [baseline-harness]   Measuring spec (rollback) ...
  [baseline-harness]   spec(rollback) progress: 40/200
  [baseline-harness]   spec(rollback) progress: 80/200
  [baseline-harness]   spec(rollback) progress: 120/200
  [baseline-harness]   spec(rollback) progress: 160/200
  [baseline-harness]   spec(rollback) progress: 200/200
  [baseline-harness]   Done in 90.8s

######################################################################
  BASELINE WORKLOAD W9b [entries_x100] (repeats=200)
######################################################################
  [baseline-harness] Starting W9b [entries_x100] repeats=200
  [baseline-harness]   Measuring raw execution ...
  [harness]   raw progress: 40/200
  [harness]   raw progress: 80/200
  [harness]   raw progress: 120/200
  [harness]   raw progress: 160/200
  [harness]   raw progress: 200/200
  [baseline-harness]   Measuring spec (commit) ...
  [baseline-harness]   spec(commit) progress: 40/200
  [baseline-harness]   spec(commit) progress: 80/200
  [baseline-harness]   spec(commit) progress: 120/200
  [baseline-harness]   spec(commit) progress: 160/200
  [baseline-harness]   spec(commit) progress: 200/200
  [baseline-harness]   Measuring spec (rollback) ...
  [baseline-harness]   spec(rollback) progress: 40/200
  [baseline-harness]   spec(rollback) progress: 80/200
  [baseline-harness]   spec(rollback) progress: 120/200
  [baseline-harness]   spec(rollback) progress: 160/200
  [baseline-harness]   spec(rollback) progress: 200/200
  [baseline-harness]   Done in 170.1s

######################################################################
  BASELINE WORKLOAD W9b [entries_x1000] (repeats=200)
######################################################################
  [baseline-harness] Starting W9b [entries_x1000] repeats=200
  [baseline-harness]   Measuring raw execution ...
  [harness]   raw progress: 40/200
  [harness]   raw progress: 80/200
  [harness]   raw progress: 120/200
  [harness]   raw progress: 160/200
  [harness]   raw progress: 200/200
  [baseline-harness]   Measuring spec (commit) ...
  [baseline-harness]   spec(commit) progress: 40/200
  [baseline-harness]   spec(commit) progress: 80/200
  [baseline-harness]   spec(commit) progress: 120/200
  [baseline-harness]   spec(commit) progress: 160/200
  [baseline-harness]   spec(commit) progress: 200/200
  [baseline-harness]   Measuring spec (rollback) ...
  [baseline-harness]   spec(rollback) progress: 40/200
  [baseline-harness]   spec(rollback) progress: 80/200
  [baseline-harness]   spec(rollback) progress: 120/200
  [baseline-harness]   spec(rollback) progress: 160/200
  [baseline-harness]   spec(rollback) progress: 200/200
  [baseline-harness]   Done in 948.6s

######################################################################
  BASELINE WORKLOAD W10 [mem_16MiB] (repeats=50)
######################################################################
  [baseline-harness] Starting W10 [mem_16MiB] repeats=50
  [baseline-harness]   Measuring raw execution ...
  [harness]   raw progress: 10/50
  [harness]   raw progress: 20/50
  [harness]   raw progress: 30/50
  [harness]   raw progress: 40/50
  [harness]   raw progress: 50/50
  [baseline-harness]   Measuring spec (commit) ...
  [baseline-harness]   spec(commit) progress: 10/50
  [baseline-harness]   spec(commit) progress: 20/50
  [baseline-harness]   spec(commit) progress: 30/50
  [baseline-harness]   spec(commit) progress: 40/50
  [baseline-harness]   spec(commit) progress: 50/50
  [baseline-harness]   Measuring spec (rollback) ...
  [baseline-harness]   spec(rollback) progress: 10/50
  [baseline-harness]   spec(rollback) progress: 20/50
  [baseline-harness]   spec(rollback) progress: 30/50
  [baseline-harness]   spec(rollback) progress: 40/50
  [baseline-harness]   spec(rollback) progress: 50/50
  [baseline-harness]   Done in 23.1s

######################################################################
  BASELINE WORKLOAD W10 [mem_64MiB] (repeats=50)
######################################################################
  [baseline-harness] Starting W10 [mem_64MiB] repeats=50
  [baseline-harness]   Measuring raw execution ...
  [harness]   raw progress: 10/50
  [harness]   raw progress: 20/50
  [harness]   raw progress: 30/50
  [harness]   raw progress: 40/50
  [harness]   raw progress: 50/50
  [baseline-harness]   Measuring spec (commit) ...
  [baseline-harness]   spec(commit) progress: 10/50
  [baseline-harness]   spec(commit) progress: 20/50
  [baseline-harness]   spec(commit) progress: 30/50
  [baseline-harness]   spec(commit) progress: 40/50
  [baseline-harness]   spec(commit) progress: 50/50
  [baseline-harness]   Measuring spec (rollback) ...
  [baseline-harness]   spec(rollback) progress: 10/50
  [baseline-harness]   spec(rollback) progress: 20/50
  [baseline-harness]   spec(rollback) progress: 30/50
  [baseline-harness]   spec(rollback) progress: 40/50
  [baseline-harness]   spec(rollback) progress: 50/50
  [baseline-harness]   Done in 23.1s

######################################################################
  BASELINE WORKLOAD W10 [mem_256MiB] (repeats=50)
######################################################################
  [baseline-harness] Starting W10 [mem_256MiB] repeats=50
  [baseline-harness]   Measuring raw execution ...
  [harness]   raw progress: 10/50
  [harness]   raw progress: 20/50
  [harness]   raw progress: 30/50
  [harness]   raw progress: 40/50
  [harness]   raw progress: 50/50
  [baseline-harness]   Measuring spec (commit) ...
  [baseline-harness]   spec(commit) progress: 10/50
  [baseline-harness]   spec(commit) progress: 20/50
  [baseline-harness]   spec(commit) progress: 30/50
  [baseline-harness]   spec(commit) progress: 40/50
  [baseline-harness]   spec(commit) progress: 50/50
  [baseline-harness]   Measuring spec (rollback) ...
  [baseline-harness]   spec(rollback) progress: 10/50
  [baseline-harness]   spec(rollback) progress: 20/50
  [baseline-harness]   spec(rollback) progress: 30/50
  [baseline-harness]   spec(rollback) progress: 40/50
  [baseline-harness]   spec(rollback) progress: 50/50
  [baseline-harness]   Done in 23.1s

######################################################################
  BASELINE WORKLOAD W10 [mem_1GiB] (repeats=50)
######################################################################
  [baseline-harness] Starting W10 [mem_1GiB] repeats=50
  [baseline-harness]   Measuring raw execution ...
  [harness]   raw progress: 10/50
  [harness]   raw progress: 20/50
  [harness]   raw progress: 30/50
  [harness]   raw progress: 40/50
  [harness]   raw progress: 50/50
  [baseline-harness]   Measuring spec (commit) ...
  [baseline-harness]   spec(commit) progress: 10/50
  [baseline-harness]   spec(commit) progress: 20/50
  [baseline-harness]   spec(commit) progress: 30/50
  [baseline-harness]   spec(commit) progress: 40/50
  [baseline-harness]   spec(commit) progress: 50/50
  [baseline-harness]   Measuring spec (rollback) ...
  [baseline-harness]   spec(rollback) progress: 10/50
  [baseline-harness]   spec(rollback) progress: 20/50
  [baseline-harness]   spec(rollback) progress: 30/50
  [baseline-harness]   spec(rollback) progress: 40/50
  [baseline-harness]   spec(rollback) progress: 50/50
  [baseline-harness]   Done in 23.1s

  Results saved to: ./results/rq3_baseline_hs.json

==============================================================================
  RQ3 PERFORMANCE SUMMARY
==============================================================================

  Workload                       Metric                 Median(ms)    P95(ms)    P99(ms)
  ------------------------------ -------------------- ------------ ---------- ----------
  W1:noop                        raw_tool                    0.936      1.049      1.133
  W1:noop                        spec_begin                  3.570      3.772      3.929
  W1:noop                        spec_run                  178.549    181.132    183.370
  W1:noop                        spec_commit                12.976     13.493     13.856
  W1:noop                        spec_rollback               4.548      4.859      5.211
  W1:noop                        spec_total_commit         195.138    197.877    200.106
  W1:noop                        spec_total_rollback       187.516    189.965    192.047
  W2:10ms                        raw_tool                   11.074     11.174     11.300
  W2:10ms                        spec_begin                  3.598      3.781      3.895
  W2:10ms                        spec_run                  189.700    192.108    194.297
  W2:10ms                        spec_commit                13.078     13.557     13.996
  W2:10ms                        spec_rollback               4.564      4.824      5.107
  W2:10ms                        spec_total_commit         206.367    208.895    210.966
  W2:10ms                        spec_total_rollback       198.088    200.621    202.339
  W2:100ms                       raw_tool                  101.204    101.680    101.972
  W2:100ms                       spec_begin                  3.558      3.735      3.842
  W2:100ms                       spec_run                  295.026    310.133    313.601
  W2:100ms                       spec_commit                12.922     13.373     13.696
  W2:100ms                       spec_rollback               4.489      4.707      4.949
  W2:100ms                       spec_total_commit         311.494    326.609    330.195
  W2:100ms                       spec_total_rollback       306.941    315.336    318.019
  W2:1000ms                      raw_tool                 1001.397   1001.866   1002.094
  W2:1000ms                      spec_begin                  3.500      3.675      3.793
  W2:1000ms                      spec_run                 1194.984   1205.959   1211.415
  W2:1000ms                      spec_commit                12.742     13.193     13.584
  W2:1000ms                      spec_rollback               4.460      4.739      5.039
  W2:1000ms                      spec_total_commit        1211.226   1222.365   1227.686
  W2:1000ms                      spec_total_rollback      1201.964   1220.956   1226.329
  W3a:read_4KiB                  raw_tool                    0.969      1.123      1.228
  W3a:read_4KiB                  spec_begin                  3.558      3.723      3.811
  W3a:read_4KiB                  spec_run                  178.292    181.038    196.208
  W3a:read_4KiB                  spec_commit                12.949     13.396     13.750
  W3a:read_4KiB                  spec_rollback               4.554      4.820      4.936
  W3a:read_4KiB                  spec_total_commit         194.857    198.073    212.548
  W3a:read_4KiB                  spec_total_rollback       186.986    190.208    191.452
  W3a:read_1MiB                  raw_tool                    1.772      1.908      1.989
  W3a:read_1MiB                  spec_begin                  3.574      3.742      3.804
  W3a:read_1MiB                  spec_run                  180.463    182.713    185.177
  W3a:read_1MiB                  spec_commit                12.997     13.518     13.729
  W3a:read_1MiB                  spec_rollback               4.541      4.879      5.415
  W3a:read_1MiB                  spec_total_commit         197.076    199.350    201.908
  W3a:read_1MiB                  spec_total_rollback       188.538    190.997    192.258
  W3a:read_64MiB                 raw_tool                   24.032     24.586     25.236
  W3a:read_64MiB                 spec_begin                  3.601      3.740      4.101
  W3a:read_64MiB                 spec_run                  202.958    206.151    213.634
  W3a:read_64MiB                 spec_commit                13.108     13.669     13.872
  W3a:read_64MiB                 spec_rollback               4.551      4.823      5.199
  W3a:read_64MiB                 spec_total_commit         219.681    222.844    230.479
  W3a:read_64MiB                 spec_total_rollback       211.230    213.422    214.700
  W3b:repeat_read_1MiB_x100      raw_tool                   34.700     35.339     35.703
  W3b:repeat_read_1MiB_x100      spec_begin                  3.595      3.776      3.889
  W3b:repeat_read_1MiB_x100      spec_run                  219.286    223.157    229.902
  W3b:repeat_read_1MiB_x100      spec_commit                13.098     13.518     14.003
  W3b:repeat_read_1MiB_x100      spec_rollback               4.534      4.755      5.160
  W3b:repeat_read_1MiB_x100      spec_total_commit         236.034    240.109    246.456
  W3b:repeat_read_1MiB_x100      spec_total_rollback       227.413    229.807    233.382
  W4:new_4KiB                    raw_tool                    1.561      1.680      1.744
  W4:new_4KiB                    spec_begin                  3.600      3.770      3.856
  W4:new_4KiB                    spec_run                  182.452    184.847    186.300
  W4:new_4KiB                    spec_commit                14.359     14.826     15.468
  W4:new_4KiB                    spec_rollback               4.637      4.905      5.271
  W4:new_4KiB                    spec_total_commit         200.424    203.251    204.589
  W4:new_4KiB                    spec_total_rollback       190.788    192.919    195.121
  W4:new_1MiB                    raw_tool                    2.226      2.432      2.494
  W4:new_1MiB                    spec_begin                  3.620      3.838      4.084
  W4:new_1MiB                    spec_run                  184.235    186.503    188.609
  W4:new_1MiB                    spec_commit                15.255     15.789     16.136
  W4:new_1MiB                    spec_rollback               4.777      5.126      5.461
  W4:new_1MiB                    spec_total_commit         203.105    205.795    207.212
  W4:new_1MiB                    spec_total_rollback       192.546    195.049    196.876
  W4:new_16MiB                   raw_tool                   10.968     11.261     11.711
  W4:new_16MiB                   spec_begin                  3.769      3.969      4.200
  W4:new_16MiB                   spec_run                  200.613    205.472    209.537
  W4:new_16MiB                   spec_commit                28.005     28.856     29.148
  W4:new_16MiB                   spec_rollback               7.117      7.555      7.940
  W4:new_16MiB                   spec_total_commit         232.241    237.679    241.493
  W4:new_16MiB                   spec_total_rollback       210.918    214.835    216.188
  W5:overwrite4K_orig4KiB        raw_tool                    0.981      1.121      1.146
  W5:overwrite4K_orig4KiB        spec_begin                  3.613      3.779      3.907
  W5:overwrite4K_orig4KiB        spec_run                  183.274    185.522    186.769
  W5:overwrite4K_orig4KiB        spec_commit                14.523     15.038     15.268
  W5:overwrite4K_orig4KiB        spec_rollback               4.639      4.927      5.145
  W5:overwrite4K_orig4KiB        spec_total_commit         201.370    203.787    204.761
  W5:overwrite4K_orig4KiB        spec_total_rollback       191.432    194.021    195.654
  W5:overwrite4K_orig1MiB        raw_tool                    1.155      1.260      1.290
  W5:overwrite4K_orig1MiB        spec_begin                  3.683      3.867      4.071
  W5:overwrite4K_orig1MiB        spec_run                  185.204    187.448    189.098
  W5:overwrite4K_orig1MiB        spec_commit                15.635     16.157     16.573
  W5:overwrite4K_orig1MiB        spec_rollback               4.823      5.085      5.501
  W5:overwrite4K_orig1MiB        spec_total_commit         204.485    207.215    208.463
  W5:overwrite4K_orig1MiB        spec_total_rollback       193.682    196.276    197.486
  W5:overwrite4K_orig16MiB       raw_tool                    1.437      1.536      1.602
  W5:overwrite4K_orig16MiB       spec_begin                  4.101      4.331      4.496
  W5:overwrite4K_orig16MiB       spec_run                  203.105    207.325    209.206
  W5:overwrite4K_orig16MiB       spec_commit                30.920     31.782     32.201
  W5:overwrite4K_orig16MiB       spec_rollback               7.115      7.616      8.419
  W5:overwrite4K_orig16MiB       spec_total_commit         238.271    242.325    243.799
  W5:overwrite4K_orig16MiB       spec_total_rollback       248.312    537.951    651.815
  W6:writes_x1                   raw_tool                    1.162      1.258      1.314
  W6:writes_x1                   spec_begin                  3.686      3.871      3.946
  W6:writes_x1                   spec_run                  209.120    307.827    310.845
  W6:writes_x1                   spec_commit                15.512     16.014     17.025
  W6:writes_x1                   spec_rollback               4.777      4.958      5.196
  W6:writes_x1                   spec_total_commit         228.376    327.034    330.158
  W6:writes_x1                   spec_total_rollback       215.672    219.959    221.757
  W6:writes_x10                  raw_tool                    1.193      1.317      1.389
  W6:writes_x10                  spec_begin                  3.704      3.882      3.963
  W6:writes_x10                  spec_run                  209.354    274.956    316.874
  W6:writes_x10                  spec_commit                15.592     16.044     16.263
  W6:writes_x10                  spec_rollback               4.768      5.100      5.844
  W6:writes_x10                  spec_total_commit         228.653    294.128    336.301
  W6:writes_x10                  spec_total_rollback       217.583    222.622    316.376
  W6:writes_x100                 raw_tool                    1.428      1.511      1.577
  W6:writes_x100                 spec_begin                  3.680      3.935      4.006
  W6:writes_x100                 spec_run                  209.810    246.205    309.736
  W6:writes_x100                 spec_commit                15.568     16.141     16.329
  W6:writes_x100                 spec_rollback               4.768      5.131      5.694
  W6:writes_x100                 spec_total_commit         229.028    265.217    329.324
  W6:writes_x100                 spec_total_rollback       217.825    222.902    318.359
  W6:writes_x1000                raw_tool                    3.189      3.324      3.387
  W6:writes_x1000                spec_begin                  3.678      3.876      3.976
  W6:writes_x1000                spec_run                  213.648    308.295    343.647
  W6:writes_x1000                spec_commit                15.590     16.079     16.588
  W6:writes_x1000                spec_rollback               4.736      4.915      5.294
  W6:writes_x1000                spec_total_commit         232.924    327.732    362.814
  W6:writes_x1000                spec_total_rollback       221.580    225.046    284.718
  W7:files_x1                    raw_tool                    1.007      1.149      1.173
  W7:files_x1                    spec_begin                  3.569      3.748      3.804
  W7:files_x1                    spec_run                  207.525    210.918    212.651
  W7:files_x1                    spec_commit                14.396     14.870     15.191
  W7:files_x1                    spec_rollback               4.608      4.801      4.942
  W7:files_x1                    spec_total_commit         225.421    228.987    231.053
  W7:files_x1                    spec_total_rollback       214.575    246.452    300.887
  W7:files_x10                   raw_tool                    1.190      1.334      1.458
  W7:files_x10                   spec_begin                  3.600      3.775      3.831
  W7:files_x10                   spec_run                  208.583    276.127    308.853
  W7:files_x10                   spec_commit                24.410     25.029     25.340
  W7:files_x10                   spec_rollback               4.775      5.028      5.272
  W7:files_x10                   spec_total_commit         236.770    304.021    336.387
  W7:files_x10                   spec_total_rollback       216.999    220.166    226.274
  W7:files_x100                  raw_tool                    3.217      3.517      4.462
  W7:files_x100                  spec_begin                  3.706      3.856      3.934
  W7:files_x100                  spec_run                  214.259    217.754    219.440
  W7:files_x100                  spec_commit               124.641    126.210    126.579
  W7:files_x100                  spec_rollback               6.453      6.914      7.297
  W7:files_x100                  spec_total_commit         342.526    346.589    348.538
  W7:files_x100                  spec_total_rollback       206.431    227.745    230.508
  W7:files_x500                  raw_tool                   13.588     13.919     14.021
  W7:files_x500                  spec_begin                  3.777      4.020      4.139
  W7:files_x500                  spec_run                  239.830    255.373    258.480
  W7:files_x500                  spec_commit               573.430    577.486    578.124
  W7:files_x500                  spec_rollback              14.085     14.662     14.782
  W7:files_x500                  spec_total_commit         817.214    834.132    838.713
  W7:files_x500                  spec_total_rollback       256.720    263.283    270.316
  W8:rename_x1                   raw_tool                    0.996      1.185      1.645
  W8:rename_x1                   spec_begin                  3.601      3.727      3.787
  W8:rename_x1                   spec_run                  184.609    188.189    189.102
  W8:rename_x1                   spec_commit                14.601     15.165     15.801
  W8:rename_x1                   spec_rollback               4.681      4.993      5.185
  W8:rename_x1                   spec_total_commit         202.635    206.852    207.576
  W8:rename_x1                   spec_total_rollback       192.556    194.799    196.791
  W8:rename_x10                  raw_tool                    1.132      1.237      1.283
  W8:rename_x10                  spec_begin                  3.623      3.774      3.879
  W8:rename_x10                  spec_run                  196.269    198.747    200.123
  W8:rename_x10                  spec_commit                25.580     26.245     26.492
  W8:rename_x10                  spec_rollback               4.950      5.326      5.739
  W8:rename_x10                  spec_total_commit         225.514    228.052    229.412
  W8:rename_x10                  spec_total_rollback       204.708    208.055    210.869
  W8:rename_x100                 raw_tool                    3.201      3.322      3.446
  W8:rename_x100                 spec_begin                  3.706      3.874      4.016
  W8:rename_x100                 spec_run                  314.166    335.840    340.010
  W8:rename_x100                 spec_commit               135.718    137.164    137.627
  W8:rename_x100                 spec_rollback               8.201      8.520      8.693
  W8:rename_x100                 spec_total_commit         453.378    475.229    478.773
  W8:rename_x100                 spec_total_rollback       323.000    328.581    331.286
  W8:rename_x500                 raw_tool                   12.805     13.447     13.593
  W8:rename_x500                 spec_begin                  4.061      4.457      4.565
  W8:rename_x500                 spec_run                  842.887    866.422    875.222
  W8:rename_x500                 spec_commit               625.442    629.766    631.267
  W8:rename_x500                 spec_rollback              21.006     21.952     22.618
  W8:rename_x500                 spec_total_commit        1472.160   1495.867   1508.537
  W8:rename_x500                 spec_total_rollback       857.643    868.965    870.941
  W9a:single_1KiB                raw_tool                    0.973      1.104      1.139
  W9a:single_1KiB                spec_begin                  3.600      3.792      3.978
  W9a:single_1KiB                spec_run                  179.576    182.595    184.109
  W9a:single_1KiB                spec_commit                13.111     13.674     13.883
  W9a:single_1KiB                spec_rollback               4.570      4.823      5.018
  W9a:single_1KiB                spec_total_commit         196.299    199.241    201.317
  W9a:single_1KiB                spec_total_rollback       187.923    190.186    192.732
  W9a:single_10KiB               raw_tool                    0.983      1.119      1.164
  W9a:single_10KiB               spec_begin                  3.602      3.770      3.873
  W9a:single_10KiB               spec_run                  179.870    182.593    184.500
  W9a:single_10KiB               spec_commit                13.179     13.688     13.821
  W9a:single_10KiB               spec_rollback               4.572      4.858      5.495
  W9a:single_10KiB               spec_total_commit         196.670    199.416    201.765
  W9a:single_10KiB               spec_total_rollback       187.947    189.853    191.415
  W9a:single_100KiB              raw_tool                    1.148      1.297      1.363
  W9a:single_100KiB              spec_begin                  3.603      3.783      3.877
  W9a:single_100KiB              spec_run                  180.277    182.300    183.707
  W9a:single_100KiB              spec_commit                13.164     13.640     14.186
  W9a:single_100KiB              spec_rollback               4.559      4.799      5.026
  W9a:single_100KiB              spec_total_commit         196.995    199.318    200.456
  W9a:single_100KiB              spec_total_rollback       188.299    191.155    192.266
  W9a:single_1MiB                raw_tool                    4.345      4.608      4.762
  W9a:single_1MiB                spec_begin                  3.634      3.806      3.878
  W9a:single_1MiB                spec_run                  182.629    185.350    186.326
  W9a:single_1MiB                spec_commit                13.376     13.845     14.183
  W9a:single_1MiB                spec_rollback               4.563      4.906      5.156
  W9a:single_1MiB                spec_total_commit         199.620    202.436    203.854
  W9a:single_1MiB                spec_total_rollback       190.668    193.362    195.089
  W9b:entries_x10                raw_tool                    8.176      8.520      8.970
  W9b:entries_x10                spec_begin                  3.615      3.801      3.912
  W9b:entries_x10                spec_run                  199.336    201.408    204.386
  W9b:entries_x10                spec_commit                13.143     13.587     13.930
  W9b:entries_x10                spec_rollback               4.574      4.970      5.396
  W9b:entries_x10                spec_total_commit         216.111    218.461    221.218
  W9b:entries_x10                spec_total_rollback       207.250    209.432    210.848
  W9b:entries_x100               raw_tool                   60.788     62.511     63.936
  W9b:entries_x100               spec_begin                  3.621      3.789      3.833
  W9b:entries_x100               spec_run                  356.053    366.903    376.540
  W9b:entries_x100               spec_commit                13.301     13.750     14.112
  W9b:entries_x100               spec_rollback               4.545      4.830      5.250
  W9b:entries_x100               spec_total_commit         372.939    383.796    393.688
  W9b:entries_x100               spec_total_rollback       372.889    383.489    394.994
  W9b:entries_x1000              raw_tool                  584.321    593.462    595.459
  W9b:entries_x1000              spec_begin                  3.615      3.813      3.852
  W9b:entries_x1000              spec_run                 1948.379   1972.818   1985.103
  W9b:entries_x1000              spec_commit                15.140     15.612     15.955
  W9b:entries_x1000              spec_rollback               4.874      5.136      5.486
  W9b:entries_x1000              spec_total_commit        1967.195   1991.391   2003.455
  W9b:entries_x1000              spec_total_rollback      1957.751   1981.039   1986.480
  W10:mem_16MiB                  raw_tool                    0.906      1.014      1.145
  W10:mem_16MiB                  spec_begin                  3.585      3.761      3.895
  W10:mem_16MiB                  spec_run                  179.190    181.627    183.487
  W10:mem_16MiB                  spec_commit                13.025     13.410     14.592
  W10:mem_16MiB                  spec_rollback               4.551      4.765      4.775
  W10:mem_16MiB                  spec_total_commit         195.779    198.562    201.496
  W10:mem_16MiB                  spec_total_rollback       186.916    188.934    189.570
  W10:mem_64MiB                  raw_tool                    0.931      1.025      1.058
  W10:mem_64MiB                  spec_begin                  3.610      3.777      3.916
  W10:mem_64MiB                  spec_run                  178.976    181.729    184.882
  W10:mem_64MiB                  spec_commit                13.062     13.335     14.472
  W10:mem_64MiB                  spec_rollback               4.523      4.734      5.400
  W10:mem_64MiB                  spec_total_commit         195.589    198.693    201.419
  W10:mem_64MiB                  spec_total_rollback       186.750    189.253    194.232
  W10:mem_256MiB                 raw_tool                    0.924      1.074      1.135
  W10:mem_256MiB                 spec_begin                  3.613      3.806      4.190
  W10:mem_256MiB                 spec_run                  179.389    181.697    183.420
  W10:mem_256MiB                 spec_commit                13.089     13.429     13.913
  W10:mem_256MiB                 spec_rollback               4.541      4.912      5.108
  W10:mem_256MiB                 spec_total_commit         196.158    198.781    199.960
  W10:mem_256MiB                 spec_total_rollback       187.435    189.717    190.372
  W10:mem_1GiB                   raw_tool                    0.935      1.070      1.145
  W10:mem_1GiB                   spec_begin                  3.620      3.816      3.971
  W10:mem_1GiB                   spec_run                  179.470    181.855    183.401
  W10:mem_1GiB                   spec_commit                13.060     13.494     13.535
  W10:mem_1GiB                   spec_rollback               4.570      4.858      4.966
  W10:mem_1GiB                   spec_total_commit         196.177    198.772    200.188
  W10:mem_1GiB                   spec_total_rollback       187.702    189.730    191.188

==============================================================================


==============================================================================
  PENUMBRA vs HS (median, ms)
==============================================================================

  Workload                                 raw  pen-commit  base-commit   pen-roll   base-roll
  ---------------------------------- --------- ----------- ------------ ---------- -----------
  W1:noop                                0.936    21.502   195.138    17.530   187.516
  W2:10ms                               11.074    31.898   206.367    27.689   198.088
  W2:100ms                             101.204   124.425   311.493   121.008   306.941
  W2:1000ms                           1001.397  1043.438  1211.226  1042.543  1201.964
  W3a:read_4KiB                          0.969    21.861   194.857    18.008   186.986
  W3a:read_1MiB                          1.772    22.848   197.076    18.874   188.538
  W3a:read_64MiB                        24.032    43.962   219.681    39.955   211.230
  W3b:repeat_read_1MiB_x100             34.700    61.657   236.034    57.664   227.413
  W4:new_4KiB                            1.561    25.121   200.423    19.149   190.788
  W4:new_1MiB                            2.225    26.599   203.105    19.963   192.546
  W4:new_16MiB                          10.968    42.591   232.241    32.489   210.918
  W5:overwrite4K_orig4KiB                0.981    25.083   201.370    19.088   191.432
  W5:overwrite4K_orig1MiB                1.155    26.889   204.485    20.661   193.682
  W5:overwrite4K_orig16MiB               1.438    46.809   238.271    40.855   248.312
  W6:writes_x1                           1.162    57.353   228.376    28.222   215.672
  W6:writes_x10                          1.193    58.802   228.653    34.394   217.583
  W6:writes_x100                         1.428    60.496   229.028    35.929   217.825
  W6:writes_x1000                        3.189    84.561   232.924    58.450   221.580
  W7:files_x1                            1.007    55.234   225.421    29.544   214.575
  W7:files_x10                           1.190    90.480   236.770    33.207   216.999
  W7:files_x100                          3.217   441.109   342.526    67.313   206.431
  W7:files_x500                         13.588  2237.024   817.214   252.873   256.720
  W8:rename_x1                           0.996    43.315   202.635    25.975   192.556
  W8:rename_x10                          1.132    45.391   225.514    57.980   204.708
  W8:rename_x100                         3.201    74.103   453.378    45.266   323.000
  W8:rename_x500                        12.805   326.119  1472.160   116.379   857.643
  W9a:single_1KiB                        0.973    23.319   196.299    19.348   187.923
  W9a:single_10KiB                       0.983    24.045   196.670    19.911   187.947
  W9a:single_100KiB                      1.147    26.490   196.994    22.075   188.299
  W9a:single_1MiB                        4.346    52.399   199.620    54.673   190.668
  W9b:entries_x10                        8.176    51.434   216.111    49.935   207.250
  W9b:entries_x100                      60.788   139.168   372.939   141.303   372.889
  W9b:entries_x1000                    584.321  1048.602  1967.195  1059.969  1957.751
  W10:mem_16MiB                          0.906    56.212   195.779    64.040   186.916
  W10:mem_64MiB                          0.931    75.653   195.589    92.203   186.750
  W10:mem_256MiB                         0.924    70.177   196.157   103.931   187.435
  W10:mem_1GiB                           0.935   132.143   196.177   151.664   187.702

==============================================================================


[done] RQ3 baseline (hs) experiments complete.

══════════════════════════════════════════════════════════
  RQ3 baseline 实验完成 (engine=hs, exit=0)
  结果: /home/xht/桌面/penumbra-work/RQ2/speculative_shadow/experiments/rq3/results/rq3_baseline_hs.json
══════════════════════════════════════════════════════════
