nohup: 忽略输入
══════════════════════════════════════════════════════════
  RQ3 Performance Experiment Launcher
══════════════════════════════════════════════════════════
[1/7] 清理旧进程和挂载...
[2/7] 准备目录...
[3/7] 构建 benchmark 程序...
make: 进入目录“/home/xht/桌面/penumbra-work/RQ2/speculative_shadow/experiments/rq3/benchmarks”
make: 对“all”无需做任何事。
make: 离开目录“/home/xht/桌面/penumbra-work/RQ2/speculative_shadow/experiments/rq3/benchmarks”
  Done
[4/7] 启动 ShadowFS...
  ShadowFS PID=30379 OK
  FUSE 挂载: /tmp/shadow-rq2-test/mnt OK
[5/7] 启动 ShadowProc...
  ShadowProc PID=30418 OK
[6/7] 启动 Orchestrator...
  Orchestrator PID=30445 OK
  Socket: /tmp/shadow-orch.sock OK
  Orchestrator 连接测试: OK
[7/7] 运行 RQ3 实验...

运行依赖图扩展性实验...
══════════════════════════════════════════════════════════════════════
  RQ3 Dependency Graph Scalability Experiment
  (cross-epoch dependency construction)
══════════════════════════════════════════════════════════════════════

[D1] Chain topology (linear dependency, cross-epoch)
  [D1] chain length=2
    rep 1/10 done (1.4s)
    rep 2/10 done (1.4s)
    rep 3/10 done (1.4s)
    rep 4/10 done (1.4s)
    rep 5/10 done (1.4s)
    rep 6/10 done (1.4s)
    rep 7/10 done (1.4s)
    rep 8/10 done (1.4s)
    rep 9/10 done (1.4s)
    rep 10/10 done (1.4s)
    finalize: mean=162.78ms p95=165.52ms (n=10)
  [D1] chain length=4
    rep 1/10 done (2.7s)
    rep 2/10 done (2.7s)
    rep 3/10 done (2.7s)
    rep 4/10 done (2.7s)
    rep 5/10 done (2.7s)
    rep 6/10 done (2.7s)
    rep 7/10 done (2.7s)
    rep 8/10 done (2.7s)
    rep 9/10 done (2.7s)
    rep 10/10 done (2.7s)
    finalize: mean=324.92ms p95=328.08ms (n=10)
  [D1] chain length=8
    rep 1/10 done (5.5s)
    rep 2/10 done (5.4s)
    rep 3/10 done (5.5s)
    rep 4/10 done (5.5s)
    rep 5/10 done (5.4s)
    rep 6/10 done (5.4s)
    rep 7/10 done (5.4s)
    rep 8/10 done (5.4s)
    rep 9/10 done (5.5s)
    rep 10/10 done (5.5s)
    finalize: mean=651.07ms p95=658.71ms (n=10)
  [D1] chain length=16
    rep 1/10 done (10.9s)
    rep 2/10 done (10.9s)
    rep 3/10 done (11.0s)
    rep 4/10 done (10.9s)
    rep 5/10 done (10.9s)
    rep 6/10 done (10.9s)
    rep 7/10 done (10.9s)
    rep 8/10 done (11.0s)
    rep 9/10 done (10.9s)
    rep 10/10 done (10.9s)
    finalize: mean=1303.99ms p95=1313.80ms (n=10)

[D2] Fan-out / Fan-in topology (cross-epoch)
  [D2] fan-out width=2
    rep 1/10 done (2.0s)
    rep 2/10 done (2.0s)
    rep 3/10 done (2.0s)
    rep 4/10 done (2.0s)
    rep 5/10 done (2.1s)
    rep 6/10 done (2.0s)
    rep 7/10 done (2.0s)
    rep 8/10 done (2.0s)
    rep 9/10 done (2.0s)
    rep 10/10 done (2.0s)
    fan-out finalize: mean=239.30ms p95=242.79ms
  [D2] fan-in width=2
    rep 1/10 done (2.1s)
    rep 2/10 done (2.1s)
    rep 3/10 done (2.0s)
    rep 4/10 done (2.0s)
    rep 5/10 done (2.1s)
    rep 6/10 done (2.1s)
    rep 7/10 done (2.0s)
    rep 8/10 done (2.1s)
    rep 9/10 done (2.1s)
    rep 10/10 done (2.0s)
    fan-in finalize: mean=241.58ms p95=243.56ms
  [D2] fan-out width=4
    rep 1/10 done (3.4s)
    rep 2/10 done (3.4s)
    rep 3/10 done (3.4s)
    rep 4/10 done (3.4s)
    rep 5/10 done (3.4s)
    rep 6/10 done (3.4s)
    rep 7/10 done (3.4s)
    rep 8/10 done (3.4s)
    rep 9/10 done (3.4s)
    rep 10/10 done (3.4s)
    fan-out finalize: mean=396.66ms p95=398.62ms
  [D2] fan-in width=4
    rep 1/10 done (3.4s)
    rep 2/10 done (3.4s)
    rep 3/10 done (3.4s)
    rep 4/10 done (3.4s)
    rep 5/10 done (3.4s)
    rep 6/10 done (3.4s)
    rep 7/10 done (3.4s)
    rep 8/10 done (3.4s)
    rep 9/10 done (3.4s)
    rep 10/10 done (3.4s)
    fan-in finalize: mean=405.53ms p95=413.61ms
  [D2] fan-out width=8
    rep 1/10 done (6.1s)
    rep 2/10 done (6.1s)
    rep 3/10 done (6.1s)
    rep 4/10 done (6.1s)
    rep 5/10 done (6.1s)
    rep 6/10 done (6.1s)
    rep 7/10 done (6.1s)
    rep 8/10 done (6.1s)
    rep 9/10 done (6.1s)
    rep 10/10 done (6.1s)
    fan-out finalize: mean=710.86ms p95=715.34ms
  [D2] fan-in width=8
    rep 1/10 done (6.2s)
    rep 2/10 done (6.2s)
    rep 3/10 done (6.2s)
    rep 4/10 done (6.1s)
    rep 5/10 done (6.2s)
    rep 6/10 done (6.2s)
    rep 7/10 done (6.2s)
    rep 8/10 done (6.1s)
    rep 9/10 done (6.1s)
    rep 10/10 done (6.2s)
    fan-in finalize: mean=728.52ms p95=733.10ms
  [D2] fan-out width=16
    rep 1/10 done (11.5s)
    rep 2/10 done (11.5s)
    rep 3/10 done (11.5s)
    rep 4/10 done (11.5s)
    rep 5/10 done (11.6s)
    rep 6/10 done (11.5s)
    rep 7/10 done (11.5s)
    rep 8/10 done (11.5s)
    rep 9/10 done (11.5s)
    rep 10/10 done (11.5s)
    fan-out finalize: mean=1349.02ms p95=1357.78ms
  [D2] fan-in width=16
    rep 1/10 done (11.6s)
    rep 2/10 done (11.6s)
    rep 3/10 done (11.6s)
    rep 4/10 done (11.7s)
    rep 5/10 done (11.6s)
    rep 6/10 done (11.6s)
    rep 7/10 done (11.6s)
    rep 8/10 done (11.6s)
    rep 9/10 done (11.6s)
    rep 10/10 done (11.6s)
    fan-in finalize: mean=1382.34ms p95=1393.25ms

[D3] SCC (mutual dependencies, cascade rollback)
  [D3] SCC size=2 (cycle of 2 epochs)
    rep 1/10 done (1.3s)
    rep 2/10 done (1.3s)
    rep 3/10 done (1.3s)
    rep 4/10 done (1.3s)
    rep 5/10 done (1.3s)
    rep 6/10 done (1.3s)
    rep 7/10 done (1.3s)
    rep 8/10 done (1.3s)
    rep 9/10 done (1.3s)
    rep 10/10 done (1.3s)
    SCC cascade rollback: mean=52.11ms p95=52.54ms
  [D3] SCC size=4 (cycle of 4 epochs)
    rep 1/10 done (2.6s)
    rep 2/10 done (2.7s)
    rep 3/10 done (2.6s)
    rep 4/10 done (2.6s)
    rep 5/10 done (2.6s)
    rep 6/10 done (2.7s)
    rep 7/10 done (2.6s)
    rep 8/10 done (2.6s)
    rep 9/10 done (2.6s)
    rep 10/10 done (2.6s)
    SCC cascade rollback: mean=54.43ms p95=55.01ms
  [D3] SCC size=8 (cycle of 8 epochs)
    rep 1/10 done (5.2s)
    rep 2/10 done (5.2s)
    rep 3/10 done (5.2s)
    rep 4/10 done (5.2s)
    rep 5/10 done (5.2s)
    rep 6/10 done (5.2s)
    rep 7/10 done (5.3s)
    rep 8/10 done (5.1s)
    rep 9/10 done (5.2s)
    rep 10/10 done (5.2s)
    SCC cascade rollback: mean=59.59ms p95=60.53ms

[D4] Concurrent agents (shared dependency)
  [D4] agents=1
    rep 1/10 done (1.4s)
    rep 2/10 done (1.4s)
    rep 3/10 done (1.4s)
    rep 4/10 done (1.4s)
    rep 5/10 done (1.4s)
    rep 6/10 done (1.3s)
    rep 7/10 done (1.4s)
    rep 8/10 done (1.3s)
    rep 9/10 done (1.4s)
    rep 10/10 done (1.4s)
    batch total: mean=163.75ms p95=166.64ms
  [D4] agents=4
    rep 1/10 done (1.6s)
    rep 2/10 done (1.6s)
    rep 3/10 done (1.6s)
    rep 4/10 done (1.6s)
    rep 5/10 done (1.6s)
    rep 6/10 done (1.6s)
    rep 7/10 done (1.6s)
    rep 8/10 done (1.6s)
    rep 9/10 done (1.6s)
    rep 10/10 done (1.6s)
    batch total: mean=278.26ms p95=280.85ms
  [D4] agents=8
    rep 1/10 done (1.9s)
    rep 2/10 done (1.9s)
    rep 3/10 done (1.9s)
    rep 4/10 done (1.9s)
    rep 5/10 done (1.9s)
    rep 6/10 done (1.9s)
    rep 7/10 done (1.9s)
    rep 8/10 done (1.9s)
    rep 9/10 done (1.9s)
    rep 10/10 done (2.0s)
    batch total: mean=465.98ms p95=482.84ms
  [D4] agents=16
    rep 1/10 done (2.6s)
    rep 2/10 done (2.6s)
    rep 3/10 done (2.6s)
    rep 4/10 done (2.6s)
    rep 5/10 done (2.6s)
    rep 6/10 done (2.6s)
    rep 7/10 done (2.6s)
    rep 8/10 done (2.6s)
    rep 9/10 done (2.6s)
    rep 10/10 done (2.6s)
    batch total: mean=819.24ms p95=825.62ms

[D5] Authorization decisions (chain_size=8)
  [D5] decision=allow
    rep 1/10 done (5.4s)
    rep 2/10 done (5.5s)
    rep 3/10 done (5.5s)
    rep 4/10 done (5.4s)
    rep 5/10 done (5.5s)
    rep 6/10 done (5.4s)
    rep 7/10 done (5.5s)
    rep 8/10 done (5.4s)
    rep 9/10 done (5.4s)
    rep 10/10 done (5.5s)
    allow finalize: mean=653.21ms p95=659.12ms
  [D5] decision=root-deny
    rep 1/10 done (5.2s)
    rep 2/10 done (5.2s)
    rep 3/10 done (5.2s)
    rep 4/10 done (5.2s)
    rep 5/10 done (5.2s)
    rep 6/10 done (5.2s)
    rep 7/10 done (5.2s)
    rep 8/10 done (5.3s)
    rep 9/10 done (5.2s)
    rep 10/10 done (5.2s)
    root-deny finalize: mean=60.42ms p95=63.73ms
  [D5] decision=middle-deny
    rep 1/10 done (5.3s)
    rep 2/10 done (5.3s)
    rep 3/10 done (5.3s)
    rep 4/10 done (5.3s)
    rep 5/10 done (5.3s)
    rep 6/10 done (5.4s)
    rep 7/10 done (5.3s)
    rep 8/10 done (5.3s)
    rep 9/10 done (5.3s)
    rep 10/10 done (5.3s)
    middle-deny finalize: mean=55.18ms p95=55.50ms

[save] Results written to ./results/dep_graph_scalability.json

══════════════════════════════════════════════════════════════════════
  SUMMARY
══════════════════════════════════════════════════════════════════════
Dim  Topology     Size   Decision     Finalize mean(ms)  P95(ms)    Aff   Errors
──────────────────────────────────────────────────────────────────────────────
D1   chain        2      allow        162.778            165.520    2     0
D1   chain        4      allow        324.917            328.085    4     0
D1   chain        8      allow        651.071            658.712    8     0
D1   chain        16     allow        1303.992           1313.796   16    0
D2   fan-out      2      allow        239.299            242.793    3     0
D2   fan-in       2      allow        241.583            243.556    2     0
D2   fan-out      4      allow        396.655            398.621    5     0
D2   fan-in       4      allow        405.532            413.607    2     0
D2   fan-out      8      allow        710.859            715.335    9     0
D2   fan-in       8      allow        728.522            733.096    2     0
D2   fan-out      16     allow        1349.020           1357.778   17    0
D2   fan-in       16     allow        1382.339           1393.250   2     0
D3   scc          2      rollback-cascade 52.107             52.544     2     0
D3   scc          4      rollback-cascade 54.430             55.009     4     0
D3   scc          8      rollback-cascade 59.591             60.534     8     0
D4   concurrent   1      allow        163.754            166.643    2     0
D4   concurrent   4      allow        278.259            280.848    5     0
D4   concurrent   8      allow        465.977            482.844    9     0
D4   concurrent   16     allow        819.245            825.624    17    0
D5   chain        8      allow        653.206            659.116    8     0
D5   chain        8      root-deny    60.422             63.726     8     0
D5   chain        8      middle-deny  55.177             55.499     8     0

[done] Dependency graph scalability experiment complete.

清理守护进程...

══════════════════════════════════════════════════════════
  RQ3 实验完成 (exit=0)
  结果: /home/xht/桌面/penumbra-work/RQ2/speculative_shadow/experiments/rq3/results/
══════════════════════════════════════════════════════════
