=== [3/3] hs 基线 (W1-W10) — 2026-09-18 19:40:56 ===
══════════════════════════════════════════════════════════
  RQ3 Performance Experiment Launcher
══════════════════════════════════════════════════════════
运行 hs (binpash/hs, executor path) 基线实验（无需守护进程）...

[build] Compiling benchmarks ...
[build] Done

######################################################################
  BASELINE WORKLOAD W1 [noop] (repeats=1000)
######################################################################
  [baseline-harness] Starting W1 [noop] repeats=1000
  [baseline-harness]   Measuring raw execution ...
  [harness]   raw progress: 200/1000
  [harness]   raw progress: 400/1000
  [harness]   raw progress: 600/1000
  [harness]   raw progress: 800/1000
  [harness]   raw progress: 1000/1000
  [baseline-harness]   Measuring spec (commit) ...
  [baseline-harness]   spec(commit) progress: 200/1000
  [baseline-harness]   spec(commit) progress: 400/1000
  [baseline-harness]   spec(commit) progress: 600/1000
  [baseline-harness]   spec(commit) progress: 800/1000
  [baseline-harness]   spec(commit) progress: 1000/1000
  [baseline-harness]   Measuring spec (rollback) ...
  [baseline-harness]   spec(rollback) progress: 200/1000
  [baseline-harness]   spec(rollback) progress: 400/1000
  [baseline-harness]   spec(rollback) progress: 600/1000
  [baseline-harness]   spec(rollback) progress: 800/1000
  [baseline-harness]   spec(rollback) progress: 1000/1000
  [baseline-harness]   Done in 385.3s

######################################################################
  BASELINE WORKLOAD W2 [10ms] (repeats=1000)
######################################################################
  [baseline-harness] Starting W2 [10ms] repeats=1000
  [baseline-harness]   Measuring raw execution ...
  [harness]   raw progress: 200/1000
  [harness]   raw progress: 400/1000
  [harness]   raw progress: 600/1000
  [harness]   raw progress: 800/1000
  [harness]   raw progress: 1000/1000
  [baseline-harness]   Measuring spec (commit) ...
  [baseline-harness]   spec(commit) progress: 200/1000
  [baseline-harness]   spec(commit) progress: 400/1000
  [baseline-harness]   spec(commit) progress: 600/1000
  [baseline-harness]   spec(commit) progress: 800/1000
  [baseline-harness]   spec(commit) progress: 1000/1000
  [baseline-harness]   Measuring spec (rollback) ...
  [baseline-harness]   spec(rollback) progress: 200/1000
  [baseline-harness]   spec(rollback) progress: 400/1000
  [baseline-harness]   spec(rollback) progress: 600/1000
  [baseline-harness]   spec(rollback) progress: 800/1000
  [baseline-harness]   spec(rollback) progress: 1000/1000
  [baseline-harness]   Done in 419.7s

######################################################################
  BASELINE WORKLOAD W2 [100ms] (repeats=1000)
######################################################################
  [baseline-harness] Starting W2 [100ms] repeats=1000
  [baseline-harness]   Measuring raw execution ...
  [harness]   raw progress: 200/1000
  [harness]   raw progress: 400/1000
  [harness]   raw progress: 600/1000
  [harness]   raw progress: 800/1000
  [harness]   raw progress: 1000/1000
  [baseline-harness]   Measuring spec (commit) ...
  [baseline-harness]   spec(commit) progress: 200/1000
  [baseline-harness]   spec(commit) progress: 400/1000
  [baseline-harness]   spec(commit) progress: 600/1000
  [baseline-harness]   spec(commit) progress: 800/1000
  [baseline-harness]   spec(commit) progress: 1000/1000
  [baseline-harness]   Measuring spec (rollback) ...
  [baseline-harness]   spec(rollback) progress: 200/1000
  [baseline-harness]   spec(rollback) progress: 400/1000
  [baseline-harness]   spec(rollback) progress: 600/1000
  [baseline-harness]   spec(rollback) progress: 800/1000
  [baseline-harness]   spec(rollback) progress: 1000/1000
  [baseline-harness]   Done in 734.7s

######################################################################
  BASELINE WORKLOAD W2 [300ms] (repeats=1000)
######################################################################
  [baseline-harness] Starting W2 [300ms] repeats=1000
  [baseline-harness]   Measuring raw execution ...
  [harness]   raw progress: 200/1000
  [harness]   raw progress: 400/1000
  [harness]   raw progress: 600/1000
  [harness]   raw progress: 800/1000
  [harness]   raw progress: 1000/1000
  [baseline-harness]   Measuring spec (commit) ...
  [baseline-harness]   spec(commit) progress: 200/1000
  [baseline-harness]   spec(commit) progress: 400/1000
  [baseline-harness]   spec(commit) progress: 600/1000
  [baseline-harness]   spec(commit) progress: 800/1000
  [baseline-harness]   spec(commit) progress: 1000/1000
  [baseline-harness]   Measuring spec (rollback) ...
  [baseline-harness]   spec(rollback) progress: 200/1000
  [baseline-harness]   spec(rollback) progress: 400/1000
  [baseline-harness]   spec(rollback) progress: 600/1000
  [baseline-harness]   spec(rollback) progress: 800/1000
  [baseline-harness]   spec(rollback) progress: 1000/1000
  [baseline-harness]   Done in 1344.4s

######################################################################
  BASELINE WORKLOAD W2 [1000ms] (repeats=1000)
######################################################################
  [baseline-harness] Starting W2 [1000ms] repeats=1000
  [baseline-harness]   Measuring raw execution ...
  [harness]   raw progress: 200/1000
  [harness]   raw progress: 400/1000
  [harness]   raw progress: 600/1000
  [harness]   raw progress: 800/1000
  [harness]   raw progress: 1000/1000
  [baseline-harness]   Measuring spec (commit) ...
  [baseline-harness]   spec(commit) progress: 200/1000
  [baseline-harness]   spec(commit) progress: 400/1000
  [baseline-harness]   spec(commit) progress: 600/1000
  [baseline-harness]   spec(commit) progress: 800/1000
  [baseline-harness]   spec(commit) progress: 1000/1000
  [baseline-harness]   Measuring spec (rollback) ...
  [baseline-harness]   spec(rollback) progress: 200/1000
  [baseline-harness]   spec(rollback) progress: 400/1000
  [baseline-harness]   spec(rollback) progress: 600/1000
  [baseline-harness]   spec(rollback) progress: 800/1000
  [baseline-harness]   spec(rollback) progress: 1000/1000
  [baseline-harness]   Done in 3454.6s

######################################################################
  BASELINE WORKLOAD W3a [read_4KiB] (repeats=200)
######################################################################
  [baseline-harness] Starting W3a [read_4KiB] repeats=200
  [baseline-harness]   Measuring raw execution ...
  [harness]   raw progress: 40/200
  [harness]   raw progress: 80/200
  [harness]   raw progress: 120/200
  [harness]   raw progress: 160/200
  [harness]   raw progress: 200/200
  [baseline-harness]   Measuring spec (commit) ...
  [baseline-harness]   spec(commit) progress: 40/200
  [baseline-harness]   spec(commit) progress: 80/200
  [baseline-harness]   spec(commit) progress: 120/200
  [baseline-harness]   spec(commit) progress: 160/200
  [baseline-harness]   spec(commit) progress: 200/200
  [baseline-harness]   Measuring spec (rollback) ...
  [baseline-harness]   spec(rollback) progress: 40/200
  [baseline-harness]   spec(rollback) progress: 80/200
  [baseline-harness]   spec(rollback) progress: 120/200
  [baseline-harness]   spec(rollback) progress: 160/200
  [baseline-harness]   spec(rollback) progress: 200/200
  [baseline-harness]   Done in 80.4s

######################################################################
  BASELINE WORKLOAD W3a [read_64KiB] (repeats=200)
######################################################################
  [baseline-harness] Starting W3a [read_64KiB] repeats=200
  [baseline-harness]   Measuring raw execution ...
  [harness]   raw progress: 40/200
  [harness]   raw progress: 80/200
  [harness]   raw progress: 120/200
  [harness]   raw progress: 160/200
  [harness]   raw progress: 200/200
  [baseline-harness]   Measuring spec (commit) ...
  [baseline-harness]   spec(commit) progress: 40/200
  [baseline-harness]   spec(commit) progress: 80/200
  [baseline-harness]   spec(commit) progress: 120/200
  [baseline-harness]   spec(commit) progress: 160/200
  [baseline-harness]   spec(commit) progress: 200/200
  [baseline-harness]   Measuring spec (rollback) ...
  [baseline-harness]   spec(rollback) progress: 40/200
  [baseline-harness]   spec(rollback) progress: 80/200
  [baseline-harness]   spec(rollback) progress: 120/200
  [baseline-harness]   spec(rollback) progress: 160/200
  [baseline-harness]   spec(rollback) progress: 200/200
  [baseline-harness]   Done in 80.8s

######################################################################
  BASELINE WORKLOAD W3a [read_1MiB] (repeats=200)
######################################################################
  [baseline-harness] Starting W3a [read_1MiB] repeats=200
  [baseline-harness]   Measuring raw execution ...
  [harness]   raw progress: 40/200
  [harness]   raw progress: 80/200
  [harness]   raw progress: 120/200
  [harness]   raw progress: 160/200
  [harness]   raw progress: 200/200
  [baseline-harness]   Measuring spec (commit) ...
  [baseline-harness]   spec(commit) progress: 40/200
  [baseline-harness]   spec(commit) progress: 80/200
  [baseline-harness]   spec(commit) progress: 120/200
  [baseline-harness]   spec(commit) progress: 160/200
  [baseline-harness]   spec(commit) progress: 200/200
  [baseline-harness]   Measuring spec (rollback) ...
  [baseline-harness]   spec(rollback) progress: 40/200
  [baseline-harness]   spec(rollback) progress: 80/200
  [baseline-harness]   spec(rollback) progress: 120/200
  [baseline-harness]   spec(rollback) progress: 160/200
  [baseline-harness]   spec(rollback) progress: 200/200
  [baseline-harness]   Done in 81.5s

######################################################################
  BASELINE WORKLOAD W3a [read_16MiB] (repeats=200)
######################################################################
  [baseline-harness] Starting W3a [read_16MiB] repeats=200
  [baseline-harness]   Measuring raw execution ...
  [harness]   raw progress: 40/200
  [harness]   raw progress: 80/200
  [harness]   raw progress: 120/200
  [harness]   raw progress: 160/200
  [harness]   raw progress: 200/200
  [baseline-harness]   Measuring spec (commit) ...
  [baseline-harness]   spec(commit) progress: 40/200
  [baseline-harness]   spec(commit) progress: 80/200
  [baseline-harness]   spec(commit) progress: 120/200
  [baseline-harness]   spec(commit) progress: 160/200
  [baseline-harness]   spec(commit) progress: 200/200
  [baseline-harness]   Measuring spec (rollback) ...
  [baseline-harness]   spec(rollback) progress: 40/200
  [baseline-harness]   spec(rollback) progress: 80/200
  [baseline-harness]   spec(rollback) progress: 120/200
  [baseline-harness]   spec(rollback) progress: 160/200
  [baseline-harness]   spec(rollback) progress: 200/200
  [baseline-harness]   Done in 85.5s

######################################################################
  BASELINE WORKLOAD W3a [read_64MiB] (repeats=200)
######################################################################
  [baseline-harness] Starting W3a [read_64MiB] repeats=200
  [baseline-harness]   Measuring raw execution ...
  [harness]   raw progress: 40/200
  [harness]   raw progress: 80/200
  [harness]   raw progress: 120/200
  [harness]   raw progress: 160/200
  [harness]   raw progress: 200/200
  [baseline-harness]   Measuring spec (commit) ...
  [baseline-harness]   spec(commit) progress: 40/200
  [baseline-harness]   spec(commit) progress: 80/200
  [baseline-harness]   spec(commit) progress: 120/200
  [baseline-harness]   spec(commit) progress: 160/200
  [baseline-harness]   spec(commit) progress: 200/200
  [baseline-harness]   Measuring spec (rollback) ...
  [baseline-harness]   spec(rollback) progress: 40/200
  [baseline-harness]   spec(rollback) progress: 80/200
  [baseline-harness]   spec(rollback) progress: 120/200
  [baseline-harness]   spec(rollback) progress: 160/200
  [baseline-harness]   spec(rollback) progress: 200/200
  [baseline-harness]   Done in 95.4s

######################################################################
  BASELINE WORKLOAD W3b [repeat_read_1MiB_x1] (repeats=200)
######################################################################
  [baseline-harness] Starting W3b [repeat_read_1MiB_x1] repeats=200
  [baseline-harness]   Measuring raw execution ...
  [harness]   raw progress: 40/200
  [harness]   raw progress: 80/200
  [harness]   raw progress: 120/200
  [harness]   raw progress: 160/200
  [harness]   raw progress: 200/200
  [baseline-harness]   Measuring spec (commit) ...
  [baseline-harness]   spec(commit) progress: 40/200
  [baseline-harness]   spec(commit) progress: 80/200
  [baseline-harness]   spec(commit) progress: 120/200
  [baseline-harness]   spec(commit) progress: 160/200
  [baseline-harness]   spec(commit) progress: 200/200
  [baseline-harness]   Measuring spec (rollback) ...
  [baseline-harness]   spec(rollback) progress: 40/200
  [baseline-harness]   spec(rollback) progress: 80/200
  [baseline-harness]   spec(rollback) progress: 120/200
  [baseline-harness]   spec(rollback) progress: 160/200
  [baseline-harness]   spec(rollback) progress: 200/200
  [baseline-harness]   Done in 81.5s

######################################################################
  BASELINE WORKLOAD W3b [repeat_read_1MiB_x10] (repeats=200)
######################################################################
  [baseline-harness] Starting W3b [repeat_read_1MiB_x10] repeats=200
  [baseline-harness]   Measuring raw execution ...
  [harness]   raw progress: 40/200
  [harness]   raw progress: 80/200
  [harness]   raw progress: 120/200
  [harness]   raw progress: 160/200
  [harness]   raw progress: 200/200
  [baseline-harness]   Measuring spec (commit) ...
  [baseline-harness]   spec(commit) progress: 40/200
  [baseline-harness]   spec(commit) progress: 80/200
  [baseline-harness]   spec(commit) progress: 120/200
  [baseline-harness]   spec(commit) progress: 160/200
  [baseline-harness]   spec(commit) progress: 200/200
  [baseline-harness]   Measuring spec (rollback) ...
  [baseline-harness]   spec(rollback) progress: 40/200
  [baseline-harness]   spec(rollback) progress: 80/200
  [baseline-harness]   spec(rollback) progress: 120/200
  [baseline-harness]   spec(rollback) progress: 160/200
  [baseline-harness]   spec(rollback) progress: 200/200
  [baseline-harness]   Done in 83.8s

######################################################################
  BASELINE WORKLOAD W3b [repeat_read_1MiB_x100] (repeats=200)
######################################################################
  [baseline-harness] Starting W3b [repeat_read_1MiB_x100] repeats=200
  [baseline-harness]   Measuring raw execution ...
  [harness]   raw progress: 40/200
  [harness]   raw progress: 80/200
  [harness]   raw progress: 120/200
  [harness]   raw progress: 160/200
  [harness]   raw progress: 200/200
  [baseline-harness]   Measuring spec (commit) ...
  [baseline-harness]   spec(commit) progress: 40/200
  [baseline-harness]   spec(commit) progress: 80/200
  [baseline-harness]   spec(commit) progress: 120/200
  [baseline-harness]   spec(commit) progress: 160/200
  [baseline-harness]   spec(commit) progress: 200/200
  [baseline-harness]   Measuring spec (rollback) ...
  [baseline-harness]   spec(rollback) progress: 40/200
  [baseline-harness]   spec(rollback) progress: 80/200
  [baseline-harness]   spec(rollback) progress: 120/200
  [baseline-harness]   spec(rollback) progress: 160/200
  [baseline-harness]   spec(rollback) progress: 200/200
  [baseline-harness]   Done in 104.5s

######################################################################
  BASELINE WORKLOAD W3b [repeat_read_1MiB_x1000] (repeats=200)
######################################################################
  [baseline-harness] Starting W3b [repeat_read_1MiB_x1000] repeats=200
  [baseline-harness]   Measuring raw execution ...
  [harness]   raw progress: 40/200
  [harness]   raw progress: 80/200
  [harness]   raw progress: 120/200
  [harness]   raw progress: 160/200
  [harness]   raw progress: 200/200
  [baseline-harness]   Measuring spec (commit) ...
  [baseline-harness]   spec(commit) progress: 40/200
  [baseline-harness]   spec(commit) progress: 80/200
  [baseline-harness]   spec(commit) progress: 120/200
  [baseline-harness]   spec(commit) progress: 160/200
  [baseline-harness]   spec(commit) progress: 200/200
  [baseline-harness]   Measuring spec (rollback) ...
  [baseline-harness]   spec(rollback) progress: 40/200
  [baseline-harness]   spec(rollback) progress: 80/200
  [baseline-harness]   spec(rollback) progress: 120/200
  [baseline-harness]   spec(rollback) progress: 160/200
  [baseline-harness]   spec(rollback) progress: 200/200
  [baseline-harness]   Done in 310.0s

######################################################################
  BASELINE WORKLOAD W4 [new_4KiB] (repeats=200)
######################################################################
  [baseline-harness] Starting W4 [new_4KiB] repeats=200
  [baseline-harness]   Measuring raw execution ...
  [harness]   raw progress: 40/200
  [harness]   raw progress: 80/200
  [harness]   raw progress: 120/200
  [harness]   raw progress: 160/200
  [harness]   raw progress: 200/200
  [baseline-harness]   Measuring spec (commit) ...
  [baseline-harness]   spec(commit) progress: 40/200
  [baseline-harness]   spec(commit) progress: 80/200
  [baseline-harness]   spec(commit) progress: 120/200
  [baseline-harness]   spec(commit) progress: 160/200
  [baseline-harness]   spec(commit) progress: 200/200
  [baseline-harness]   Measuring spec (rollback) ...
  [baseline-harness]   spec(rollback) progress: 40/200
  [baseline-harness]   spec(rollback) progress: 80/200
  [baseline-harness]   spec(rollback) progress: 120/200
  [baseline-harness]   spec(rollback) progress: 160/200
  [baseline-harness]   spec(rollback) progress: 200/200
  [baseline-harness]   Done in 81.9s

######################################################################
  BASELINE WORKLOAD W4 [new_64KiB] (repeats=200)
######################################################################
  [baseline-harness] Starting W4 [new_64KiB] repeats=200
  [baseline-harness]   Measuring raw execution ...
  [harness]   raw progress: 40/200
  [harness]   raw progress: 80/200
  [harness]   raw progress: 120/200
  [harness]   raw progress: 160/200
  [harness]   raw progress: 200/200
  [baseline-harness]   Measuring spec (commit) ...
  [baseline-harness]   spec(commit) progress: 40/200
  [baseline-harness]   spec(commit) progress: 80/200
  [baseline-harness]   spec(commit) progress: 120/200
  [baseline-harness]   spec(commit) progress: 160/200
  [baseline-harness]   spec(commit) progress: 200/200
  [baseline-harness]   Measuring spec (rollback) ...
  [baseline-harness]   spec(rollback) progress: 40/200
  [baseline-harness]   spec(rollback) progress: 80/200
  [baseline-harness]   spec(rollback) progress: 120/200
  [baseline-harness]   spec(rollback) progress: 160/200
  [baseline-harness]   spec(rollback) progress: 200/200
  [baseline-harness]   Done in 82.5s

######################################################################
  BASELINE WORKLOAD W4 [new_1MiB] (repeats=200)
######################################################################
  [baseline-harness] Starting W4 [new_1MiB] repeats=200
  [baseline-harness]   Measuring raw execution ...
  [harness]   raw progress: 40/200
  [harness]   raw progress: 80/200
  [harness]   raw progress: 120/200
  [harness]   raw progress: 160/200
  [harness]   raw progress: 200/200
  [baseline-harness]   Measuring spec (commit) ...
  [baseline-harness]   spec(commit) progress: 40/200
  [baseline-harness]   spec(commit) progress: 80/200
  [baseline-harness]   spec(commit) progress: 120/200
  [baseline-harness]   spec(commit) progress: 160/200
  [baseline-harness]   spec(commit) progress: 200/200
  [baseline-harness]   Measuring spec (rollback) ...
  [baseline-harness]   spec(rollback) progress: 40/200
  [baseline-harness]   spec(rollback) progress: 80/200
  [baseline-harness]   spec(rollback) progress: 120/200
  [baseline-harness]   spec(rollback) progress: 160/200
  [baseline-harness]   spec(rollback) progress: 200/200
  [baseline-harness]   Done in 83.6s

######################################################################
  BASELINE WORKLOAD W4 [new_16MiB] (repeats=200)
######################################################################
  [baseline-harness] Starting W4 [new_16MiB] repeats=200
  [baseline-harness]   Measuring raw execution ...
  [harness]   raw progress: 40/200
  [harness]   raw progress: 80/200
  [harness]   raw progress: 120/200
  [harness]   raw progress: 160/200
  [harness]   raw progress: 200/200
  [baseline-harness]   Measuring spec (commit) ...
  [baseline-harness]   spec(commit) progress: 40/200
  [baseline-harness]   spec(commit) progress: 80/200
  [baseline-harness]   spec(commit) progress: 120/200
  [baseline-harness]   spec(commit) progress: 160/200
  [baseline-harness]   spec(commit) progress: 200/200
  [baseline-harness]   Measuring spec (rollback) ...
  [baseline-harness]   spec(rollback) progress: 40/200
  [baseline-harness]   spec(rollback) progress: 80/200
  [baseline-harness]   spec(rollback) progress: 120/200
  [baseline-harness]   spec(rollback) progress: 160/200
  [baseline-harness]   spec(rollback) progress: 200/200
  [baseline-harness]   Done in 96.8s

######################################################################
  BASELINE WORKLOAD W5 [overwrite4K_orig4KiB] (repeats=200)
######################################################################
  [baseline-harness] Starting W5 [overwrite4K_orig4KiB] repeats=200
  [baseline-harness]   Measuring raw execution ...
  [harness]   raw progress: 40/200
  [harness]   raw progress: 80/200
  [harness]   raw progress: 120/200
  [harness]   raw progress: 160/200
  [harness]   raw progress: 200/200
  [baseline-harness]   Measuring spec (commit) ...
  [baseline-harness]   spec(commit) progress: 40/200
  [baseline-harness]   spec(commit) progress: 80/200
  [baseline-harness]   spec(commit) progress: 120/200
  [baseline-harness]   spec(commit) progress: 160/200
  [baseline-harness]   spec(commit) progress: 200/200
  [baseline-harness]   Measuring spec (rollback) ...
  [baseline-harness]   spec(rollback) progress: 40/200
  [baseline-harness]   spec(rollback) progress: 80/200
  [baseline-harness]   spec(rollback) progress: 120/200
  [baseline-harness]   spec(rollback) progress: 160/200
  [baseline-harness]   spec(rollback) progress: 200/200
  [baseline-harness]   Done in 82.9s

######################################################################
  BASELINE WORKLOAD W5 [overwrite4K_orig64KiB] (repeats=200)
######################################################################
  [baseline-harness] Starting W5 [overwrite4K_orig64KiB] repeats=200
  [baseline-harness]   Measuring raw execution ...
  [harness]   raw progress: 40/200
  [harness]   raw progress: 80/200
  [harness]   raw progress: 120/200
  [harness]   raw progress: 160/200
  [harness]   raw progress: 200/200
  [baseline-harness]   Measuring spec (commit) ...
  [baseline-harness]   spec(commit) progress: 40/200
  [baseline-harness]   spec(commit) progress: 80/200
  [baseline-harness]   spec(commit) progress: 120/200
  [baseline-harness]   spec(commit) progress: 160/200
  [baseline-harness]   spec(commit) progress: 200/200
  [baseline-harness]   Measuring spec (rollback) ...
  [baseline-harness]   spec(rollback) progress: 40/200
  [baseline-harness]   spec(rollback) progress: 80/200
  [baseline-harness]   spec(rollback) progress: 120/200
  [baseline-harness]   spec(rollback) progress: 160/200
  [baseline-harness]   spec(rollback) progress: 200/200
  [baseline-harness]   Done in 83.2s

######################################################################
  BASELINE WORKLOAD W5 [overwrite4K_orig1MiB] (repeats=200)
######################################################################
  [baseline-harness] Starting W5 [overwrite4K_orig1MiB] repeats=200
  [baseline-harness]   Measuring raw execution ...
  [harness]   raw progress: 40/200
  [harness]   raw progress: 80/200
  [harness]   raw progress: 120/200
  [harness]   raw progress: 160/200
  [harness]   raw progress: 200/200
  [baseline-harness]   Measuring spec (commit) ...
  [baseline-harness]   spec(commit) progress: 40/200
  [baseline-harness]   spec(commit) progress: 80/200
  [baseline-harness]   spec(commit) progress: 120/200
  [baseline-harness]   spec(commit) progress: 160/200
  [baseline-harness]   spec(commit) progress: 200/200
  [baseline-harness]   Measuring spec (rollback) ...
  [baseline-harness]   spec(rollback) progress: 40/200
  [baseline-harness]   spec(rollback) progress: 80/200
  [baseline-harness]   spec(rollback) progress: 120/200
  [baseline-harness]   spec(rollback) progress: 160/200
  [baseline-harness]   spec(rollback) progress: 200/200
  [baseline-harness]   Done in 85.3s

######################################################################
  BASELINE WORKLOAD W5 [overwrite4K_orig16MiB] (repeats=200)
######################################################################
  [baseline-harness] Starting W5 [overwrite4K_orig16MiB] repeats=200
  [baseline-harness]   Measuring raw execution ...
  [harness]   raw progress: 40/200
  [harness]   raw progress: 80/200
  [harness]   raw progress: 120/200
  [harness]   raw progress: 160/200
  [harness]   raw progress: 200/200
  [baseline-harness]   Measuring spec (commit) ...
  [baseline-harness]   spec(commit) progress: 40/200
  [baseline-harness]   spec(commit) progress: 80/200
  [baseline-harness]   spec(commit) progress: 120/200
  [baseline-harness]   spec(commit) progress: 160/200
  [baseline-harness]   spec(commit) progress: 200/200
  [baseline-harness]   Measuring spec (rollback) ...
  [baseline-harness]   spec(rollback) progress: 40/200
  [baseline-harness]   spec(rollback) progress: 80/200
  [baseline-harness]   spec(rollback) progress: 120/200
  [baseline-harness]   spec(rollback) progress: 160/200
  [baseline-harness]   spec(rollback) progress: 200/200
  [baseline-harness]   Done in 142.9s

######################################################################
  BASELINE WORKLOAD W6 [writes_x1] (repeats=200)
######################################################################
  [baseline-harness] Starting W6 [writes_x1] repeats=200
  [baseline-harness]   Measuring raw execution ...
  [harness]   raw progress: 40/200
  [harness]   raw progress: 80/200
  [harness]   raw progress: 120/200
  [harness]   raw progress: 160/200
  [harness]   raw progress: 200/200
  [baseline-harness]   Measuring spec (commit) ...
  [baseline-harness]   spec(commit) progress: 40/200
  [baseline-harness]   spec(commit) progress: 80/200
  [baseline-harness]   spec(commit) progress: 120/200
  [baseline-harness]   spec(commit) progress: 160/200
  [baseline-harness]   spec(commit) progress: 200/200
  [baseline-harness]   Measuring spec (rollback) ...
  [baseline-harness]   spec(rollback) progress: 40/200
  [baseline-harness]   spec(rollback) progress: 80/200
  [baseline-harness]   spec(rollback) progress: 120/200
  [baseline-harness]   spec(rollback) progress: 160/200
  [baseline-harness]   spec(rollback) progress: 200/200
  [baseline-harness]   Done in 100.3s

######################################################################
  BASELINE WORKLOAD W6 [writes_x10] (repeats=200)
######################################################################
  [baseline-harness] Starting W6 [writes_x10] repeats=200
  [baseline-harness]   Measuring raw execution ...
  [harness]   raw progress: 40/200
  [harness]   raw progress: 80/200
  [harness]   raw progress: 120/200
  [harness]   raw progress: 160/200
  [harness]   raw progress: 200/200
  [baseline-harness]   Measuring spec (commit) ...
  [baseline-harness]   spec(commit) progress: 40/200
  [baseline-harness]   spec(commit) progress: 80/200
  [baseline-harness]   spec(commit) progress: 120/200
  [baseline-harness]   spec(commit) progress: 160/200
  [baseline-harness]   spec(commit) progress: 200/200
  [baseline-harness]   Measuring spec (rollback) ...
  [baseline-harness]   spec(rollback) progress: 40/200
  [baseline-harness]   spec(rollback) progress: 80/200
  [baseline-harness]   spec(rollback) progress: 120/200
  [baseline-harness]   spec(rollback) progress: 160/200
  [baseline-harness]   spec(rollback) progress: 200/200
  [baseline-harness]   Done in 98.9s

######################################################################
  BASELINE WORKLOAD W6 [writes_x100] (repeats=200)
######################################################################
  [baseline-harness] Starting W6 [writes_x100] repeats=200
  [baseline-harness]   Measuring raw execution ...
  [harness]   raw progress: 40/200
  [harness]   raw progress: 80/200
  [harness]   raw progress: 120/200
  [harness]   raw progress: 160/200
  [harness]   raw progress: 200/200
  [baseline-harness]   Measuring spec (commit) ...
  [baseline-harness]   spec(commit) progress: 40/200
  [baseline-harness]   spec(commit) progress: 80/200
  [baseline-harness]   spec(commit) progress: 120/200
  [baseline-harness]   spec(commit) progress: 160/200
  [baseline-harness]   spec(commit) progress: 200/200
  [baseline-harness]   Measuring spec (rollback) ...
  [baseline-harness]   spec(rollback) progress: 40/200
  [baseline-harness]   spec(rollback) progress: 80/200
  [baseline-harness]   spec(rollback) progress: 120/200
  [baseline-harness]   spec(rollback) progress: 160/200
  [baseline-harness]   spec(rollback) progress: 200/200
  [baseline-harness]   Done in 101.8s

######################################################################
  BASELINE WORKLOAD W6 [writes_x1000] (repeats=200)
######################################################################
  [baseline-harness] Starting W6 [writes_x1000] repeats=200
  [baseline-harness]   Measuring raw execution ...
  [harness]   raw progress: 40/200
  [harness]   raw progress: 80/200
  [harness]   raw progress: 120/200
  [harness]   raw progress: 160/200
  [harness]   raw progress: 200/200
  [baseline-harness]   Measuring spec (commit) ...
  [baseline-harness]   spec(commit) progress: 40/200
  [baseline-harness]   spec(commit) progress: 80/200
  [baseline-harness]   spec(commit) progress: 120/200
  [baseline-harness]   spec(commit) progress: 160/200
  [baseline-harness]   spec(commit) progress: 200/200
  [baseline-harness]   Measuring spec (rollback) ...
  [baseline-harness]   spec(rollback) progress: 40/200
  [baseline-harness]   spec(rollback) progress: 80/200
  [baseline-harness]   spec(rollback) progress: 120/200
  [baseline-harness]   spec(rollback) progress: 160/200
  [baseline-harness]   spec(rollback) progress: 200/200
  [baseline-harness]   Done in 104.3s

######################################################################
  BASELINE WORKLOAD W7 [files_x1] (repeats=100)
######################################################################
  [baseline-harness] Starting W7 [files_x1] repeats=100
  [baseline-harness]   Measuring raw execution ...
  [harness]   raw progress: 20/100
  [harness]   raw progress: 40/100
  [harness]   raw progress: 60/100
  [harness]   raw progress: 80/100
  [harness]   raw progress: 100/100
  [baseline-harness]   Measuring spec (commit) ...
  [baseline-harness]   spec(commit) progress: 20/100
  [baseline-harness]   spec(commit) progress: 40/100
  [baseline-harness]   spec(commit) progress: 60/100
  [baseline-harness]   spec(commit) progress: 80/100
  [baseline-harness]   spec(commit) progress: 100/100
  [baseline-harness]   Measuring spec (rollback) ...
  [baseline-harness]   spec(rollback) progress: 20/100
  [baseline-harness]   spec(rollback) progress: 40/100
  [baseline-harness]   spec(rollback) progress: 60/100
  [baseline-harness]   spec(rollback) progress: 80/100
  [baseline-harness]   spec(rollback) progress: 100/100
  [baseline-harness]   Done in 49.5s

######################################################################
  BASELINE WORKLOAD W7 [files_x10] (repeats=100)
######################################################################
  [baseline-harness] Starting W7 [files_x10] repeats=100
  [baseline-harness]   Measuring raw execution ...
  [harness]   raw progress: 20/100
  [harness]   raw progress: 40/100
  [harness]   raw progress: 60/100
  [harness]   raw progress: 80/100
  [harness]   raw progress: 100/100
  [baseline-harness]   Measuring spec (commit) ...
  [baseline-harness]   spec(commit) progress: 20/100
  [baseline-harness]   spec(commit) progress: 40/100
  [baseline-harness]   spec(commit) progress: 60/100
  [baseline-harness]   spec(commit) progress: 80/100
  [baseline-harness]   spec(commit) progress: 100/100
  [baseline-harness]   Measuring spec (rollback) ...
  [baseline-harness]   spec(rollback) progress: 20/100
  [baseline-harness]   spec(rollback) progress: 40/100
  [baseline-harness]   spec(rollback) progress: 60/100
  [baseline-harness]   spec(rollback) progress: 80/100
  [baseline-harness]   spec(rollback) progress: 100/100
  [baseline-harness]   Done in 50.5s

######################################################################
  BASELINE WORKLOAD W7 [files_x100] (repeats=100)
######################################################################
  [baseline-harness] Starting W7 [files_x100] repeats=100
  [baseline-harness]   Measuring raw execution ...
  [harness]   raw progress: 20/100
  [harness]   raw progress: 40/100
  [harness]   raw progress: 60/100
  [harness]   raw progress: 80/100
  [harness]   raw progress: 100/100
  [baseline-harness]   Measuring spec (commit) ...
  [baseline-harness]   spec(commit) progress: 20/100
  [baseline-harness]   spec(commit) progress: 40/100
  [baseline-harness]   spec(commit) progress: 60/100
  [baseline-harness]   spec(commit) progress: 80/100
  [baseline-harness]   spec(commit) progress: 100/100
  [baseline-harness]   Measuring spec (rollback) ...
  [baseline-harness]   spec(rollback) progress: 20/100
  [baseline-harness]   spec(rollback) progress: 40/100
  [baseline-harness]   spec(rollback) progress: 60/100
  [baseline-harness]   spec(rollback) progress: 80/100
  [baseline-harness]   spec(rollback) progress: 100/100
  [baseline-harness]   Done in 63.3s

######################################################################
  BASELINE WORKLOAD W7 [files_x500] (repeats=100)
######################################################################
  [baseline-harness] Starting W7 [files_x500] repeats=100
  [baseline-harness]   Measuring raw execution ...
  [harness]   raw progress: 20/100
  [harness]   raw progress: 40/100
  [harness]   raw progress: 60/100
  [harness]   raw progress: 80/100
  [harness]   raw progress: 100/100
  [baseline-harness]   Measuring spec (commit) ...
  [baseline-harness]   spec(commit) progress: 20/100
  [baseline-harness]   spec(commit) progress: 40/100
  [baseline-harness]   spec(commit) progress: 60/100
  [baseline-harness]   spec(commit) progress: 80/100
  [baseline-harness]   spec(commit) progress: 100/100
  [baseline-harness]   Measuring spec (rollback) ...
  [baseline-harness]   spec(rollback) progress: 20/100
  [baseline-harness]   spec(rollback) progress: 40/100
  [baseline-harness]   spec(rollback) progress: 60/100
  [baseline-harness]   spec(rollback) progress: 80/100
  [baseline-harness]   spec(rollback) progress: 100/100
  [baseline-harness]   Done in 122.6s

######################################################################
  BASELINE WORKLOAD W8 [rename_x1] (repeats=100)
######################################################################
  [baseline-harness] Starting W8 [rename_x1] repeats=100
  [baseline-harness]   Measuring raw execution ...
  [harness]   raw progress: 20/100
  [harness]   raw progress: 40/100
  [harness]   raw progress: 60/100
  [harness]   raw progress: 80/100
  [harness]   raw progress: 100/100
  [baseline-harness]   Measuring spec (commit) ...
  [baseline-harness]   spec(commit) progress: 20/100
  [baseline-harness]   spec(commit) progress: 40/100
  [baseline-harness]   spec(commit) progress: 60/100
  [baseline-harness]   spec(commit) progress: 80/100
  [baseline-harness]   spec(commit) progress: 100/100
  [baseline-harness]   Measuring spec (rollback) ...
  [baseline-harness]   spec(rollback) progress: 20/100
  [baseline-harness]   spec(rollback) progress: 40/100
  [baseline-harness]   spec(rollback) progress: 60/100
  [baseline-harness]   spec(rollback) progress: 80/100
  [baseline-harness]   spec(rollback) progress: 100/100
  [baseline-harness]   Done in 43.9s

######################################################################
  BASELINE WORKLOAD W8 [rename_x10] (repeats=100)
######################################################################
  [baseline-harness] Starting W8 [rename_x10] repeats=100
  [baseline-harness]   Measuring raw execution ...
  [harness]   raw progress: 20/100
  [harness]   raw progress: 40/100
  [harness]   raw progress: 60/100
  [harness]   raw progress: 80/100
  [harness]   raw progress: 100/100
  [baseline-harness]   Measuring spec (commit) ...
  [baseline-harness]   spec(commit) progress: 20/100
  [baseline-harness]   spec(commit) progress: 40/100
  [baseline-harness]   spec(commit) progress: 60/100
  [baseline-harness]   spec(commit) progress: 80/100
  [baseline-harness]   spec(commit) progress: 100/100
  [baseline-harness]   Measuring spec (rollback) ...
  [baseline-harness]   spec(rollback) progress: 20/100
  [baseline-harness]   spec(rollback) progress: 40/100
  [baseline-harness]   spec(rollback) progress: 60/100
  [baseline-harness]   spec(rollback) progress: 80/100
  [baseline-harness]   spec(rollback) progress: 100/100
  [baseline-harness]   Done in 47.8s

######################################################################
  BASELINE WORKLOAD W8 [rename_x100] (repeats=100)
######################################################################
  [baseline-harness] Starting W8 [rename_x100] repeats=100
  [baseline-harness]   Measuring raw execution ...
  [harness]   raw progress: 20/100
  [harness]   raw progress: 40/100
  [harness]   raw progress: 60/100
  [harness]   raw progress: 80/100
  [harness]   raw progress: 100/100
  [baseline-harness]   Measuring spec (commit) ...
  [baseline-harness]   spec(commit) progress: 20/100
  [baseline-harness]   spec(commit) progress: 40/100
  [baseline-harness]   spec(commit) progress: 60/100
  [baseline-harness]   spec(commit) progress: 80/100
  [baseline-harness]   spec(commit) progress: 100/100
  [baseline-harness]   Measuring spec (rollback) ...
  [baseline-harness]   spec(rollback) progress: 20/100
  [baseline-harness]   spec(rollback) progress: 40/100
  [baseline-harness]   spec(rollback) progress: 60/100
  [baseline-harness]   spec(rollback) progress: 80/100
  [baseline-harness]   spec(rollback) progress: 100/100
  [baseline-harness]   Done in 87.3s

######################################################################
  BASELINE WORKLOAD W8 [rename_x500] (repeats=100)
######################################################################
  [baseline-harness] Starting W8 [rename_x500] repeats=100
  [baseline-harness]   Measuring raw execution ...
  [harness]   raw progress: 20/100
  [harness]   raw progress: 40/100
  [harness]   raw progress: 60/100
  [harness]   raw progress: 80/100
  [harness]   raw progress: 100/100
  [baseline-harness]   Measuring spec (commit) ...
  [baseline-harness]   spec(commit) progress: 20/100
  [baseline-harness]   spec(commit) progress: 40/100
  [baseline-harness]   spec(commit) progress: 60/100
  [baseline-harness]   spec(commit) progress: 80/100
  [baseline-harness]   spec(commit) progress: 100/100
  [baseline-harness]   Measuring spec (rollback) ...
  [baseline-harness]   spec(rollback) progress: 20/100
  [baseline-harness]   spec(rollback) progress: 40/100
  [baseline-harness]   spec(rollback) progress: 60/100
  [baseline-harness]   spec(rollback) progress: 80/100
  [baseline-harness]   spec(rollback) progress: 100/100
  [baseline-harness]   Done in 265.4s

######################################################################
  BASELINE WORKLOAD W9a [single_1KiB] (repeats=200)
######################################################################
  [baseline-harness] Starting W9a [single_1KiB] repeats=200
  [baseline-harness]   Measuring raw execution ...
  [harness]   raw progress: 40/200
  [harness]   raw progress: 80/200
  [harness]   raw progress: 120/200
  [harness]   raw progress: 160/200
  [harness]   raw progress: 200/200
  [baseline-harness]   Measuring spec (commit) ...
  [baseline-harness]   spec(commit) progress: 40/200
  [baseline-harness]   spec(commit) progress: 80/200
  [baseline-harness]   spec(commit) progress: 120/200
  [baseline-harness]   spec(commit) progress: 160/200
  [baseline-harness]   spec(commit) progress: 200/200
  [baseline-harness]   Measuring spec (rollback) ...
  [baseline-harness]   spec(rollback) progress: 40/200
  [baseline-harness]   spec(rollback) progress: 80/200
  [baseline-harness]   spec(rollback) progress: 120/200
  [baseline-harness]   spec(rollback) progress: 160/200
  [baseline-harness]   spec(rollback) progress: 200/200
  [baseline-harness]   Done in 81.2s

######################################################################
  BASELINE WORKLOAD W9a [single_10KiB] (repeats=200)
######################################################################
  [baseline-harness] Starting W9a [single_10KiB] repeats=200
  [baseline-harness]   Measuring raw execution ...
  [harness]   raw progress: 40/200
  [harness]   raw progress: 80/200
  [harness]   raw progress: 120/200
  [harness]   raw progress: 160/200
  [harness]   raw progress: 200/200
  [baseline-harness]   Measuring spec (commit) ...
  [baseline-harness]   spec(commit) progress: 40/200
  [baseline-harness]   spec(commit) progress: 80/200
  [baseline-harness]   spec(commit) progress: 120/200
  [baseline-harness]   spec(commit) progress: 160/200
  [baseline-harness]   spec(commit) progress: 200/200
  [baseline-harness]   Measuring spec (rollback) ...
  [baseline-harness]   spec(rollback) progress: 40/200
  [baseline-harness]   spec(rollback) progress: 80/200
  [baseline-harness]   spec(rollback) progress: 120/200
  [baseline-harness]   spec(rollback) progress: 160/200
  [baseline-harness]   spec(rollback) progress: 200/200
  [baseline-harness]   Done in 81.2s

######################################################################
  BASELINE WORKLOAD W9a [single_100KiB] (repeats=200)
######################################################################
  [baseline-harness] Starting W9a [single_100KiB] repeats=200
  [baseline-harness]   Measuring raw execution ...
  [harness]   raw progress: 40/200
  [harness]   raw progress: 80/200
  [harness]   raw progress: 120/200
  [harness]   raw progress: 160/200
  [harness]   raw progress: 200/200
  [baseline-harness]   Measuring spec (commit) ...
  [baseline-harness]   spec(commit) progress: 40/200
  [baseline-harness]   spec(commit) progress: 80/200
  [baseline-harness]   spec(commit) progress: 120/200
  [baseline-harness]   spec(commit) progress: 160/200
  [baseline-harness]   spec(commit) progress: 200/200
  [baseline-harness]   Measuring spec (rollback) ...
  [baseline-harness]   spec(rollback) progress: 40/200
  [baseline-harness]   spec(rollback) progress: 80/200
  [baseline-harness]   spec(rollback) progress: 120/200
  [baseline-harness]   spec(rollback) progress: 160/200
  [baseline-harness]   spec(rollback) progress: 200/200
  [baseline-harness]   Done in 81.4s

######################################################################
  BASELINE WORKLOAD W9a [single_1MiB] (repeats=200)
######################################################################
  [baseline-harness] Starting W9a [single_1MiB] repeats=200
  [baseline-harness]   Measuring raw execution ...
  [harness]   raw progress: 40/200
  [harness]   raw progress: 80/200
  [harness]   raw progress: 120/200
  [harness]   raw progress: 160/200
  [harness]   raw progress: 200/200
  [baseline-harness]   Measuring spec (commit) ...
  [baseline-harness]   spec(commit) progress: 40/200
  [baseline-harness]   spec(commit) progress: 80/200
  [baseline-harness]   spec(commit) progress: 120/200
  [baseline-harness]   spec(commit) progress: 160/200
  [baseline-harness]   spec(commit) progress: 200/200
  [baseline-harness]   Measuring spec (rollback) ...
  [baseline-harness]   spec(rollback) progress: 40/200
  [baseline-harness]   spec(rollback) progress: 80/200
  [baseline-harness]   spec(rollback) progress: 120/200
  [baseline-harness]   spec(rollback) progress: 160/200
  [baseline-harness]   spec(rollback) progress: 200/200
  [baseline-harness]   Done in 83.9s

######################################################################
  BASELINE WORKLOAD W9b [entries_x10] (repeats=200)
######################################################################
  [baseline-harness] Starting W9b [entries_x10] repeats=200
  [baseline-harness]   Measuring raw execution ...
  [harness]   raw progress: 40/200
  [harness]   raw progress: 80/200
  [harness]   raw progress: 120/200
  [harness]   raw progress: 160/200
  [harness]   raw progress: 200/200
  [baseline-harness]   Measuring spec (commit) ...
  [baseline-harness]   spec(commit) progress: 40/200
  [baseline-harness]   spec(commit) progress: 80/200
  [baseline-harness]   spec(commit) progress: 120/200
  [baseline-harness]   spec(commit) progress: 160/200
  [baseline-harness]   spec(commit) progress: 200/200
  [baseline-harness]   Measuring spec (rollback) ...
  [baseline-harness]   spec(rollback) progress: 40/200
  [baseline-harness]   spec(rollback) progress: 80/200
  [baseline-harness]   spec(rollback) progress: 120/200
  [baseline-harness]   spec(rollback) progress: 160/200
  [baseline-harness]   spec(rollback) progress: 200/200
  [baseline-harness]   Done in 90.8s

######################################################################
  BASELINE WORKLOAD W9b [entries_x100] (repeats=200)
######################################################################
  [baseline-harness] Starting W9b [entries_x100] repeats=200
  [baseline-harness]   Measuring raw execution ...
  [harness]   raw progress: 40/200
  [harness]   raw progress: 80/200
  [harness]   raw progress: 120/200
  [harness]   raw progress: 160/200
  [harness]   raw progress: 200/200
  [baseline-harness]   Measuring spec (commit) ...
  [baseline-harness]   spec(commit) progress: 40/200
  [baseline-harness]   spec(commit) progress: 80/200
  [baseline-harness]   spec(commit) progress: 120/200
  [baseline-harness]   spec(commit) progress: 160/200
  [baseline-harness]   spec(commit) progress: 200/200
  [baseline-harness]   Measuring spec (rollback) ...
  [baseline-harness]   spec(rollback) progress: 40/200
  [baseline-harness]   spec(rollback) progress: 80/200
  [baseline-harness]   spec(rollback) progress: 120/200
  [baseline-harness]   spec(rollback) progress: 160/200
  [baseline-harness]   spec(rollback) progress: 200/200
  [baseline-harness]   Done in 170.9s

######################################################################
  BASELINE WORKLOAD W9b [entries_x300] (repeats=200)
######################################################################
  [baseline-harness] Starting W9b [entries_x300] repeats=200
  [baseline-harness]   Measuring raw execution ...
  [harness]   raw progress: 40/200
  [harness]   raw progress: 80/200
  [harness]   raw progress: 120/200
  [harness]   raw progress: 160/200
  [harness]   raw progress: 200/200
  [baseline-harness]   Measuring spec (commit) ...
  [baseline-harness]   spec(commit) progress: 40/200
  [baseline-harness]   spec(commit) progress: 80/200
  [baseline-harness]   spec(commit) progress: 120/200
  [baseline-harness]   spec(commit) progress: 160/200
  [baseline-harness]   spec(commit) progress: 200/200
  [baseline-harness]   Measuring spec (rollback) ...
  [baseline-harness]   spec(rollback) progress: 40/200
  [baseline-harness]   spec(rollback) progress: 80/200
  [baseline-harness]   spec(rollback) progress: 120/200
  [baseline-harness]   spec(rollback) progress: 160/200
  [baseline-harness]   spec(rollback) progress: 200/200
  [baseline-harness]   Done in 341.4s

######################################################################
  BASELINE WORKLOAD W9b [entries_x1000] (repeats=200)
######################################################################
  [baseline-harness] Starting W9b [entries_x1000] repeats=200
  [baseline-harness]   Measuring raw execution ...
  [harness]   raw progress: 40/200
  [harness]   raw progress: 80/200
  [harness]   raw progress: 120/200
  [harness]   raw progress: 160/200
  [harness]   raw progress: 200/200
  [baseline-harness]   Measuring spec (commit) ...
  [baseline-harness]   spec(commit) progress: 40/200
  [baseline-harness]   spec(commit) progress: 80/200
  [baseline-harness]   spec(commit) progress: 120/200
  [baseline-harness]   spec(commit) progress: 160/200
  [baseline-harness]   spec(commit) progress: 200/200
  [baseline-harness]   Measuring spec (rollback) ...
  [baseline-harness]   spec(rollback) progress: 40/200
  [baseline-harness]   spec(rollback) progress: 80/200
  [baseline-harness]   spec(rollback) progress: 120/200
  [baseline-harness]   spec(rollback) progress: 160/200
  [baseline-harness]   spec(rollback) progress: 200/200
  [baseline-harness]   Done in 944.2s

######################################################################
  BASELINE WORKLOAD W10 [mem_16MiB] (repeats=50)
######################################################################
  [baseline-harness] Starting W10 [mem_16MiB] repeats=50
  [baseline-harness]   Measuring raw execution ...
  [harness]   raw progress: 10/50
  [harness]   raw progress: 20/50
  [harness]   raw progress: 30/50
  [harness]   raw progress: 40/50
  [harness]   raw progress: 50/50
  [baseline-harness]   Measuring spec (commit) ...
  [baseline-harness]   spec(commit) progress: 10/50
  [baseline-harness]   spec(commit) progress: 20/50
  [baseline-harness]   spec(commit) progress: 30/50
  [baseline-harness]   spec(commit) progress: 40/50
  [baseline-harness]   spec(commit) progress: 50/50
  [baseline-harness]   Measuring spec (rollback) ...
  [baseline-harness]   spec(rollback) progress: 10/50
  [baseline-harness]   spec(rollback) progress: 20/50
  [baseline-harness]   spec(rollback) progress: 30/50
  [baseline-harness]   spec(rollback) progress: 40/50
  [baseline-harness]   spec(rollback) progress: 50/50
  [baseline-harness]   Done in 23.0s

######################################################################
  BASELINE WORKLOAD W10 [mem_64MiB] (repeats=50)
######################################################################
  [baseline-harness] Starting W10 [mem_64MiB] repeats=50
  [baseline-harness]   Measuring raw execution ...
  [harness]   raw progress: 10/50
  [harness]   raw progress: 20/50
  [harness]   raw progress: 30/50
  [harness]   raw progress: 40/50
  [harness]   raw progress: 50/50
  [baseline-harness]   Measuring spec (commit) ...
  [baseline-harness]   spec(commit) progress: 10/50
  [baseline-harness]   spec(commit) progress: 20/50
  [baseline-harness]   spec(commit) progress: 30/50
  [baseline-harness]   spec(commit) progress: 40/50
  [baseline-harness]   spec(commit) progress: 50/50
  [baseline-harness]   Measuring spec (rollback) ...
  [baseline-harness]   spec(rollback) progress: 10/50
  [baseline-harness]   spec(rollback) progress: 20/50
  [baseline-harness]   spec(rollback) progress: 30/50
  [baseline-harness]   spec(rollback) progress: 40/50
  [baseline-harness]   spec(rollback) progress: 50/50
  [baseline-harness]   Done in 23.1s

######################################################################
  BASELINE WORKLOAD W10 [mem_256MiB] (repeats=50)
######################################################################
  [baseline-harness] Starting W10 [mem_256MiB] repeats=50
  [baseline-harness]   Measuring raw execution ...
  [harness]   raw progress: 10/50
  [harness]   raw progress: 20/50
  [harness]   raw progress: 30/50
  [harness]   raw progress: 40/50
  [harness]   raw progress: 50/50
  [baseline-harness]   Measuring spec (commit) ...
  [baseline-harness]   spec(commit) progress: 10/50
  [baseline-harness]   spec(commit) progress: 20/50
  [baseline-harness]   spec(commit) progress: 30/50
  [baseline-harness]   spec(commit) progress: 40/50
  [baseline-harness]   spec(commit) progress: 50/50
  [baseline-harness]   Measuring spec (rollback) ...
  [baseline-harness]   spec(rollback) progress: 10/50
  [baseline-harness]   spec(rollback) progress: 20/50
  [baseline-harness]   spec(rollback) progress: 30/50
  [baseline-harness]   spec(rollback) progress: 40/50
  [baseline-harness]   spec(rollback) progress: 50/50
  [baseline-harness]   Done in 23.1s

######################################################################
  BASELINE WORKLOAD W10 [mem_1GiB] (repeats=50)
######################################################################
  [baseline-harness] Starting W10 [mem_1GiB] repeats=50
  [baseline-harness]   Measuring raw execution ...
  [harness]   raw progress: 10/50
  [harness]   raw progress: 20/50
  [harness]   raw progress: 30/50
  [harness]   raw progress: 40/50
  [harness]   raw progress: 50/50
  [baseline-harness]   Measuring spec (commit) ...
  [baseline-harness]   spec(commit) progress: 10/50
  [baseline-harness]   spec(commit) progress: 20/50
  [baseline-harness]   spec(commit) progress: 30/50
  [baseline-harness]   spec(commit) progress: 40/50
  [baseline-harness]   spec(commit) progress: 50/50
  [baseline-harness]   Measuring spec (rollback) ...
  [baseline-harness]   spec(rollback) progress: 10/50
  [baseline-harness]   spec(rollback) progress: 20/50
  [baseline-harness]   spec(rollback) progress: 30/50
  [baseline-harness]   spec(rollback) progress: 40/50
  [baseline-harness]   spec(rollback) progress: 50/50
  [baseline-harness]   Done in 23.1s

  Results saved to: ./results/rq3_baseline_hs.json

==============================================================================
  RQ3 PERFORMANCE SUMMARY
==============================================================================

  Workload                       Metric                 Median(ms)    P95(ms)    P99(ms)
  ------------------------------ -------------------- ------------ ---------- ----------
  W1:noop                        raw_tool                    0.926      1.058      1.138
  W1:noop                        spec_begin                  3.532      3.735      3.913
  W1:noop                        spec_run                  176.709    179.957    182.876
  W1:noop                        spec_commit                12.861     13.323     13.700
  W1:noop                        spec_rollback               4.553      4.814      5.173
  W1:noop                        spec_total_commit         193.141    196.543    199.120
  W1:noop                        spec_total_rollback       186.973    189.447    191.602
  W2:10ms                        raw_tool                   11.060     11.172     11.326
  W2:10ms                        spec_begin                  3.595      3.770      3.970
  W2:10ms                        spec_run                  189.482    191.981    194.227
  W2:10ms                        spec_commit                13.067     13.517     13.975
  W2:10ms                        spec_rollback               4.568      4.872      5.182
  W2:10ms                        spec_total_commit         206.180    208.881    211.493
  W2:10ms                        spec_total_rollback       197.663    200.195    202.217
  W2:100ms                       raw_tool                  101.184    101.613    101.863
  W2:100ms                       spec_begin                  3.531      3.728      3.841
  W2:100ms                       spec_run                  299.432    319.389    322.575
  W2:100ms                       spec_commit                12.843     13.295     13.595
  W2:100ms                       spec_rollback               4.481      4.774      5.184
  W2:100ms                       spec_total_commit         315.726    335.768    339.508
  W2:100ms                       spec_total_rollback       310.309    323.193    326.837
  W2:300ms                       raw_tool                  301.279    301.748    302.250
  W2:300ms                       spec_begin                  3.513      3.729      3.987
  W2:300ms                       spec_run                  508.141    519.229    523.428
  W2:300ms                       spec_commit                12.781     13.270     13.524
  W2:300ms                       spec_rollback               4.461      4.714      5.044
  W2:300ms                       spec_total_commit         524.369    535.720    539.829
  W2:300ms                       spec_total_rollback       509.638    531.054    534.142
  W2:1000ms                      raw_tool                 1001.372   1001.794   1001.998
  W2:1000ms                      spec_begin                  3.505      3.668      3.801
  W2:1000ms                      spec_run                 1200.811   1212.590   1216.142
  W2:1000ms                      spec_commit                12.761     13.220     13.565
  W2:1000ms                      spec_rollback               4.466      4.798      5.090
  W2:1000ms                      spec_total_commit        1217.046   1229.010   1232.674
  W2:1000ms                      spec_total_rollback      1198.302   1223.468   1227.369
  W3a:read_4KiB                  raw_tool                    0.988      1.101      1.151
  W3a:read_4KiB                  spec_begin                  3.545      3.712      3.768
  W3a:read_4KiB                  spec_run                  178.171    180.466    183.126
  W3a:read_4KiB                  spec_commit                12.969     13.361     13.586
  W3a:read_4KiB                  spec_rollback               4.547      4.779      5.034
  W3a:read_4KiB                  spec_total_commit         194.641    197.224    199.937
  W3a:read_4KiB                  spec_total_rollback       186.745    189.138    191.262
  W3a:read_64KiB                 raw_tool                    1.026      1.172      1.209
  W3a:read_64KiB                 spec_begin                  3.578      3.795      3.888
  W3a:read_64KiB                 spec_run                  179.251    182.126    185.018
  W3a:read_64KiB                 spec_commit                13.039     13.536     13.783
  W3a:read_64KiB                 spec_rollback               4.545      4.682      4.732
  W3a:read_64KiB                 spec_total_commit         195.901    198.713    202.348
  W3a:read_64KiB                 spec_total_rollback       187.375    189.418    191.450
  W3a:read_1MiB                  raw_tool                    1.785      1.936      1.995
  W3a:read_1MiB                  spec_begin                  3.584      3.724      3.812
  W3a:read_1MiB                  spec_run                  180.692    182.332    183.735
  W3a:read_1MiB                  spec_commit                13.087     13.434     13.527
  W3a:read_1MiB                  spec_rollback               4.571      4.741      4.848
  W3a:read_1MiB                  spec_total_commit         197.297    199.166    200.523
  W3a:read_1MiB                  spec_total_rollback       188.775    191.039    193.382
  W3a:read_16MiB                 raw_tool                    7.653      7.802      7.923
  W3a:read_16MiB                 spec_begin                  3.600      3.749      3.807
  W3a:read_16MiB                 spec_run                  187.166    188.988    189.908
  W3a:read_16MiB                 spec_commit                13.098     13.474     13.594
  W3a:read_16MiB                 spec_rollback               4.548      4.824      5.003
  W3a:read_16MiB                 spec_total_commit         203.861    205.582    206.539
  W3a:read_16MiB                 spec_total_rollback       195.072    197.018    198.125
  W3a:read_64MiB                 raw_tool                   23.358     23.742     23.932
  W3a:read_64MiB                 spec_begin                  3.598      3.736      3.869
  W3a:read_64MiB                 spec_run                  202.590    204.882    207.042
  W3a:read_64MiB                 spec_commit                13.079     13.444     13.564
  W3a:read_64MiB                 spec_rollback               4.537      4.755      5.055
  W3a:read_64MiB                 spec_total_commit         219.199    221.600    223.518
  W3a:read_64MiB                 spec_total_rollback       210.788    213.074    215.774
  W3b:repeat_read_1MiB_x1        raw_tool                    1.776      1.940      1.976
  W3b:repeat_read_1MiB_x1        spec_begin                  3.592      3.761      3.815
  W3b:repeat_read_1MiB_x1        spec_run                  180.700    182.409    183.412
  W3b:repeat_read_1MiB_x1        spec_commit                13.066     13.469     13.582
  W3b:repeat_read_1MiB_x1        spec_rollback               4.550      4.727      4.954
  W3b:repeat_read_1MiB_x1        spec_total_commit         197.294    199.216    200.241
  W3b:repeat_read_1MiB_x1        spec_total_rollback       188.678    190.454    191.837
  W3b:repeat_read_1MiB_x10       raw_tool                    4.728      4.858      4.945
  W3b:repeat_read_1MiB_x10       spec_begin                  3.614      3.755      3.961
  W3b:repeat_read_1MiB_x10       spec_run                  184.473    186.933    188.504
  W3b:repeat_read_1MiB_x10       spec_commit                13.129     13.583     13.892
  W3b:repeat_read_1MiB_x10       spec_rollback               4.562      4.826      5.055
  W3b:repeat_read_1MiB_x10       spec_total_commit         201.165    203.787    205.478
  W3b:repeat_read_1MiB_x10       spec_total_rollback       192.542    195.436    196.419
  W3b:repeat_read_1MiB_x100      raw_tool                   33.672     34.568     35.593
  W3b:repeat_read_1MiB_x100      spec_begin                  3.621      3.752      3.925
  W3b:repeat_read_1MiB_x100      spec_run                  219.187    221.543    223.366
  W3b:repeat_read_1MiB_x100      spec_commit                13.116     13.411     13.670
  W3b:repeat_read_1MiB_x100      spec_rollback               4.522      4.734      4.941
  W3b:repeat_read_1MiB_x100      spec_total_commit         235.940    238.335    240.205
  W3b:repeat_read_1MiB_x100      spec_total_rollback       227.133    229.328    230.937
  W3b:repeat_read_1MiB_x1000     raw_tool                  310.313    321.177    330.064
  W3b:repeat_read_1MiB_x1000     spec_begin                  3.549      3.721      3.843
  W3b:repeat_read_1MiB_x1000     spec_run                  569.891    590.190    607.675
  W3b:repeat_read_1MiB_x1000     spec_commit                12.995     13.387     13.561
  W3b:repeat_read_1MiB_x1000     spec_rollback               4.493      4.702      4.887
  W3b:repeat_read_1MiB_x1000     spec_total_commit         586.218    606.606    624.368
  W3b:repeat_read_1MiB_x1000     spec_total_rollback       579.228    589.112    600.959
  W4:new_4KiB                    raw_tool                    1.554      1.696      1.757
  W4:new_4KiB                    spec_begin                  3.540      3.709      3.733
  W4:new_4KiB                    spec_run                  180.356    183.628    184.932
  W4:new_4KiB                    spec_commit                14.227     14.579     14.723
  W4:new_4KiB                    spec_rollback               4.616      4.717      4.854
  W4:new_4KiB                    spec_total_commit         198.080    201.473    203.041
  W4:new_4KiB                    spec_total_rollback       189.679    191.881    193.405
  W4:new_64KiB                   raw_tool                    1.621      1.737      1.830
  W4:new_64KiB                   spec_begin                  3.579      3.733      3.841
  W4:new_64KiB                   spec_run                  182.194    184.503    186.174
  W4:new_64KiB                   spec_commit                14.388     14.807     14.890
  W4:new_64KiB                   spec_rollback               4.620      4.835      5.037
  W4:new_64KiB                   spec_total_commit         200.147    202.512    204.296
  W4:new_64KiB                   spec_total_rollback       190.638    193.090    195.168
  W4:new_1MiB                    raw_tool                    2.188      2.381      2.451
  W4:new_1MiB                    spec_begin                  3.626      3.797      3.823
  W4:new_1MiB                    spec_run                  183.690    186.423    188.087
  W4:new_1MiB                    spec_commit                15.249     15.604     15.985
  W4:new_1MiB                    spec_rollback               4.766      4.920      5.122
  W4:new_1MiB                    spec_total_commit         202.587    205.603    207.064
  W4:new_1MiB                    spec_total_rollback       192.258    194.688    195.927
  W4:new_16MiB                   raw_tool                   10.836     11.023     11.150
  W4:new_16MiB                   spec_begin                  3.754      4.004      4.097
  W4:new_16MiB                   spec_run                  200.224    204.266    206.101
  W4:new_16MiB                   spec_commit                28.035     28.921     29.260
  W4:new_16MiB                   spec_rollback               7.098      7.366      7.479
  W4:new_16MiB                   spec_total_commit         232.090    236.106    238.200
  W4:new_16MiB                   spec_total_rollback       210.776    214.692    215.605
  W5:overwrite4K_orig4KiB        raw_tool                    0.976      1.131      1.190
  W5:overwrite4K_orig4KiB        spec_begin                  3.610      3.787      3.824
  W5:overwrite4K_orig4KiB        spec_run                  183.376    185.720    187.216
  W5:overwrite4K_orig4KiB        spec_commit                14.494     14.854     15.404
  W5:overwrite4K_orig4KiB        spec_rollback               4.623      4.781      5.109
  W5:overwrite4K_orig4KiB        spec_total_commit         201.292    203.922    205.463
  W5:overwrite4K_orig4KiB        spec_total_rollback       191.697    193.746    196.579
  W5:overwrite4K_orig64KiB       raw_tool                    0.983      1.150      1.214
  W5:overwrite4K_orig64KiB       spec_begin                  3.643      3.796      3.947
  W5:overwrite4K_orig64KiB       spec_run                  183.828    186.815    187.944
  W5:overwrite4K_orig64KiB       spec_commit                14.637     15.048     15.257
  W5:overwrite4K_orig64KiB       spec_rollback               4.641      4.906      5.050
  W5:overwrite4K_orig64KiB       spec_total_commit         202.109    205.036    206.199
  W5:overwrite4K_orig64KiB       spec_total_rollback       191.981    193.952    195.289
  W5:overwrite4K_orig1MiB        raw_tool                    1.172      1.274      1.336
  W5:overwrite4K_orig1MiB        spec_begin                  3.737      3.900      3.995
  W5:overwrite4K_orig1MiB        spec_run                  185.149    187.538    189.505
  W5:overwrite4K_orig1MiB        spec_commit                15.684     16.073     16.278
  W5:overwrite4K_orig1MiB        spec_rollback               4.812      4.993      5.148
  W5:overwrite4K_orig1MiB        spec_total_commit         204.673    207.258    209.114
  W5:overwrite4K_orig1MiB        spec_total_rollback       193.980    196.122    197.637
  W5:overwrite4K_orig16MiB       raw_tool                    1.336      1.518      1.574
  W5:overwrite4K_orig16MiB       spec_begin                  4.114      4.319      4.420
  W5:overwrite4K_orig16MiB       spec_run                  223.476    379.296    536.761
  W5:overwrite4K_orig16MiB       spec_commit                30.639     31.449     31.905
  W5:overwrite4K_orig16MiB       spec_rollback               7.104      7.337      7.658
  W5:overwrite4K_orig16MiB       spec_total_commit         258.277    413.668    571.118
  W5:overwrite4K_orig16MiB       spec_total_rollback       301.489    652.761    683.129
  W6:writes_x1                   raw_tool                    1.206      1.331      1.541
  W6:writes_x1                   spec_begin                  3.696      3.857      3.904
  W6:writes_x1                   spec_run                  209.343    298.164    309.484
  W6:writes_x1                   spec_commit                15.461     15.858     16.178
  W6:writes_x1                   spec_rollback               4.747      4.984      5.137
  W6:writes_x1                   spec_total_commit         228.500    317.268    328.429
  W6:writes_x1                   spec_total_rollback       218.294    285.049    315.424
  W6:writes_x10                  raw_tool                    1.190      1.287      1.357
  W6:writes_x10                  spec_begin                  3.700      3.879      3.960
  W6:writes_x10                  spec_run                  209.519    215.760    309.045
  W6:writes_x10                  spec_commit                15.540     15.884     16.042
  W6:writes_x10                  spec_rollback               4.762      4.972      5.161
  W6:writes_x10                  spec_total_commit         228.744    235.176    327.925
  W6:writes_x10                  spec_total_rollback       218.563    311.764    317.777
  W6:writes_x100                 raw_tool                    1.457      1.563      1.601
  W6:writes_x100                 spec_begin                  3.704      3.872      3.937
  W6:writes_x100                 spec_run                  210.862    302.769    308.582
  W6:writes_x100                 spec_commit                15.520     15.942     16.228
  W6:writes_x100                 spec_rollback               4.742      4.919      5.099
  W6:writes_x100                 spec_total_commit         230.178    321.539    327.878
  W6:writes_x100                 spec_total_rollback       218.752    263.891    307.631
  W6:writes_x1000                raw_tool                    3.168      3.322      3.562
  W6:writes_x1000                spec_begin                  3.722      3.933      4.053
  W6:writes_x1000                spec_run                  213.702    274.931    297.822
  W6:writes_x1000                spec_commit                15.578     15.969     16.226
  W6:writes_x1000                spec_rollback               4.751      4.994      5.323
  W6:writes_x1000                spec_total_commit         233.000    294.257    317.192
  W6:writes_x1000                spec_total_rollback       223.418    285.035    301.679
  W7:files_x1                    raw_tool                    1.017      1.121      1.143
  W7:files_x1                    spec_begin                  3.567      3.713      3.840
  W7:files_x1                    spec_run                  208.706    241.436    252.504
  W7:files_x1                    spec_commit                14.391     14.830     15.139
  W7:files_x1                    spec_rollback               4.623      4.828      5.093
  W7:files_x1                    spec_total_commit         226.641    259.474    270.213
  W7:files_x1                    spec_total_rollback       215.021    219.683    226.407
  W7:files_x10                   raw_tool                    1.221      1.315      1.375
  W7:files_x10                   spec_begin                  3.653      3.791      3.847
  W7:files_x10                   spec_run                  208.095    211.495    215.814
  W7:files_x10                   spec_commit                24.567     25.175     25.431
  W7:files_x10                   spec_rollback               4.800      4.941      5.024
  W7:files_x10                   spec_total_commit         236.254    239.683    243.929
  W7:files_x10                   spec_total_rollback       216.532    253.877    276.256
  W7:files_x100                  raw_tool                    3.246      3.412      3.430
  W7:files_x100                  spec_begin                  3.731      3.891      3.915
  W7:files_x100                  spec_run                  217.052    219.402    220.895
  W7:files_x100                  spec_commit               124.795    126.254    127.100
  W7:files_x100                  spec_rollback               6.442      6.601      6.828
  W7:files_x100                  spec_total_commit         345.388    348.671    351.407
  W7:files_x100                  spec_total_rollback       223.198    228.112    228.898
  W7:files_x500                  raw_tool                   13.550     13.881     14.063
  W7:files_x500                  spec_begin                  3.767      3.990      4.060
  W7:files_x500                  spec_run                  253.282    260.526    262.503
  W7:files_x500                  spec_commit               573.868    577.783    579.316
  W7:files_x500                  spec_rollback              13.999     14.646     14.846
  W7:files_x500                  spec_total_commit         829.183    837.505    839.850
  W7:files_x500                  spec_total_rollback       257.583    260.683    264.912
  W8:rename_x1                   raw_tool                    1.009      1.139      1.160
  W8:rename_x1                   spec_begin                  3.613      3.774      3.823
  W8:rename_x1                   spec_run                  185.249    187.139    188.306
  W8:rename_x1                   spec_commit                14.695     15.155     15.192
  W8:rename_x1                   spec_rollback               4.700      4.971      5.382
  W8:rename_x1                   spec_total_commit         203.557    205.499    206.618
  W8:rename_x1                   spec_total_rollback       193.456    196.242    197.624
  W8:rename_x10                  raw_tool                    1.127      1.256      1.385
  W8:rename_x10                  spec_begin                  3.648      3.784      3.876
  W8:rename_x10                  spec_run                  196.548    199.409    201.181
  W8:rename_x10                  spec_commit                25.679     26.252     26.448
  W8:rename_x10                  spec_rollback               4.968      5.235      5.762
  W8:rename_x10                  spec_total_commit         225.878    228.647    230.709
  W8:rename_x10                  spec_total_rollback       205.203    207.444    210.523
  W8:rename_x100                 raw_tool                    3.256      3.422      3.832
  W8:rename_x100                 spec_begin                  3.719      3.907      3.941
  W8:rename_x100                 spec_run                  310.835    317.807    323.568
  W8:rename_x100                 spec_commit               135.757    137.446    137.937
  W8:rename_x100                 spec_rollback               8.205      8.498      8.630
  W8:rename_x100                 spec_total_commit         450.544    457.160    463.533
  W8:rename_x100                 spec_total_rollback       322.160    326.024    327.279
  W8:rename_x500                 raw_tool                   13.143     13.474     13.668
  W8:rename_x500                 spec_begin                  4.127      4.636      4.703
  W8:rename_x500                 spec_run                  826.650    844.787    852.452
  W8:rename_x500                 spec_commit               628.267    632.097    633.865
  W8:rename_x500                 spec_rollback              20.866     21.695     21.984
  W8:rename_x500                 spec_total_commit        1459.706   1476.391   1485.817
  W8:rename_x500                 spec_total_rollback       848.084    855.186    856.663
  W9a:single_1KiB                raw_tool                    0.967      1.114      1.198
  W9a:single_1KiB                spec_begin                  3.616      3.772      3.840
  W9a:single_1KiB                spec_run                  180.073    181.827    183.913
  W9a:single_1KiB                spec_commit                13.124     13.469     13.740
  W9a:single_1KiB                spec_rollback               4.585      4.769      4.980
  W9a:single_1KiB                spec_total_commit         196.856    198.569    200.676
  W9a:single_1KiB                spec_total_rollback       188.357    190.084    191.929
  W9a:single_10KiB               raw_tool                    0.987      1.121      1.261
  W9a:single_10KiB               spec_begin                  3.629      3.765      3.842
  W9a:single_10KiB               spec_run                  180.184    182.264    183.146
  W9a:single_10KiB               spec_commit                13.136     13.602     13.973
  W9a:single_10KiB               spec_rollback               4.547      4.700      4.845
  W9a:single_10KiB               spec_total_commit         196.910    199.128    200.130
  W9a:single_10KiB               spec_total_rollback       188.217    190.305    192.740
  W9a:single_100KiB              raw_tool                    1.198      1.318      1.415
  W9a:single_100KiB              spec_begin                  3.622      3.761      3.879
  W9a:single_100KiB              spec_run                  180.432    182.469    183.362
  W9a:single_100KiB              spec_commit                13.155     13.531     13.593
  W9a:single_100KiB              spec_rollback               4.551      4.769      4.910
  W9a:single_100KiB              spec_total_commit         197.203    199.253    200.339
  W9a:single_100KiB              spec_total_rollback       188.776    190.686    191.546
  W9a:single_1MiB                raw_tool                    4.348      4.555      4.619
  W9a:single_1MiB                spec_begin                  3.659      3.807      3.911
  W9a:single_1MiB                spec_run                  182.754    185.180    186.963
  W9a:single_1MiB                spec_commit                13.337     13.870     14.124
  W9a:single_1MiB                spec_rollback               4.550      4.832      5.074
  W9a:single_1MiB                spec_total_commit         199.799    202.240    204.092
  W9a:single_1MiB                spec_total_rollback       191.003    193.432    195.479
  W9b:entries_x10                raw_tool                    8.143      8.323      8.421
  W9b:entries_x10                spec_begin                  3.627      3.794      3.913
  W9b:entries_x10                spec_run                  199.570    201.536    203.260
  W9b:entries_x10                spec_commit                13.207     13.565     14.173
  W9b:entries_x10                spec_rollback               4.570      4.767      4.945
  W9b:entries_x10                spec_total_commit         216.350    218.549    220.176
  W9b:entries_x10                spec_total_rollback       207.591    209.819    211.843
  W9b:entries_x100               raw_tool                   60.349     61.201     61.620
  W9b:entries_x100               spec_begin                  3.604      3.726      3.797
  W9b:entries_x100               spec_run                  357.108    372.754    378.495
  W9b:entries_x100               spec_commit                13.329     13.802     14.055
  W9b:entries_x100               spec_rollback               4.562      4.744      4.937
  W9b:entries_x100               spec_total_commit         374.395    389.548    395.059
  W9b:entries_x100               spec_total_rollback       372.098    391.464    394.409
  W9b:entries_x300               raw_tool                  176.292    179.403    179.795
  W9b:entries_x300               spec_begin                  3.588      3.768      3.851
  W9b:entries_x300               spec_run                  715.410    728.627    733.030
  W9b:entries_x300               spec_commit                13.600     13.980     14.292
  W9b:entries_x300               spec_rollback               4.598      4.814      5.001
  W9b:entries_x300               spec_total_commit         732.275    745.902    750.104
  W9b:entries_x300               spec_total_rollback       714.998    728.078    731.146
  W9b:entries_x1000              raw_tool                  582.242    589.059    590.835
  W9b:entries_x1000              spec_begin                  3.622      3.755      3.885
  W9b:entries_x1000              spec_run                 1938.136   1954.383   1968.551
  W9b:entries_x1000              spec_commit                15.020     15.468     15.705
  W9b:entries_x1000              spec_rollback               4.885      5.177      5.335
  W9b:entries_x1000              spec_total_commit        1956.819   1973.256   1987.521
  W9b:entries_x1000              spec_total_rollback      1950.712   1970.196   1986.540
  W10:mem_16MiB                  raw_tool                    0.960      1.074      1.103
  W10:mem_16MiB                  spec_begin                  3.568      3.745      3.953
  W10:mem_16MiB                  spec_run                  178.372    180.504    181.303
  W10:mem_16MiB                  spec_commit                12.967     13.291     13.540
  W10:mem_16MiB                  spec_rollback               4.484      4.627      4.668
  W10:mem_16MiB                  spec_total_commit         194.883    196.987    198.117
  W10:mem_16MiB                  spec_total_rollback       186.341    188.412    202.634
  W10:mem_64MiB                  raw_tool                    0.968      1.058      1.080
  W10:mem_64MiB                  spec_begin                  3.583      3.722      3.942
  W10:mem_64MiB                  spec_run                  178.953    180.725    181.557
  W10:mem_64MiB                  spec_commit                12.994     13.348     13.666
  W10:mem_64MiB                  spec_rollback               4.534      4.708      5.052
  W10:mem_64MiB                  spec_total_commit         195.553    197.304    198.119
  W10:mem_64MiB                  spec_total_rollback       187.243    188.738    189.364
  W10:mem_256MiB                 raw_tool                    0.934      1.085      1.103
  W10:mem_256MiB                 spec_begin                  3.602      3.757      3.875
  W10:mem_256MiB                 spec_run                  179.281    181.395    182.360
  W10:mem_256MiB                 spec_commit                13.040     13.401     13.485
  W10:mem_256MiB                 spec_rollback               4.548      4.737      4.847
  W10:mem_256MiB                 spec_total_commit         195.830    198.129    199.205
  W10:mem_256MiB                 spec_total_rollback       187.200    189.033    190.657
  W10:mem_1GiB                   raw_tool                    0.980      1.109      1.168
  W10:mem_1GiB                   spec_begin                  3.590      3.758      3.800
  W10:mem_1GiB                   spec_run                  179.211    181.076    181.435
  W10:mem_1GiB                   spec_commit                13.115     13.444     13.675
  W10:mem_1GiB                   spec_rollback               4.581      4.891      5.000
  W10:mem_1GiB                   spec_total_commit         195.842    197.777    198.507
  W10:mem_1GiB                   spec_total_rollback       187.372    189.812    190.383

==============================================================================


==============================================================================
  PENUMBRA vs HS (median, ms)
==============================================================================

  Workload                                 raw  pen-commit  base-commit   pen-roll   base-roll
  ---------------------------------- --------- ----------- ------------ ---------- -----------
  W1:noop                                0.926    21.581   193.141    17.491   186.973
  W2:10ms                               11.060    31.850   206.179    27.689   197.663
  W2:100ms                             101.184   137.338   315.726   137.532   310.309
  W2:300ms                             301.279   344.215   524.369   346.751   509.638
  W2:1000ms                           1001.372  1046.380  1217.046  1034.309  1198.302
  W3a:read_4KiB                          0.988    21.860   194.641    17.831   186.745
  W3a:read_64KiB                         1.026    21.948   195.901    17.886   187.375
  W3a:read_1MiB                          1.785    22.944   197.297    18.721   188.775
  W3a:read_16MiB                         7.653    28.549   203.861    24.577   195.072
  W3a:read_64MiB                        23.358    43.550   219.199    39.565   210.788
  W3b:repeat_read_1MiB_x1                1.776    22.835   197.294    18.708   188.678
  W3b:repeat_read_1MiB_x10               4.728    26.364   201.165    22.459   192.542
  W3b:repeat_read_1MiB_x100             33.672    61.079   235.940    57.434   227.133
  W3b:repeat_read_1MiB_x1000           310.313   434.687   586.217   430.608   579.228
  W4:new_4KiB                            1.554    25.035   198.080    19.061   189.679
  W4:new_64KiB                           1.621    25.206   200.148    19.064   190.638
  W4:new_1MiB                            2.188    26.374   202.587    19.843   192.258
  W4:new_16MiB                          10.836    42.499   232.090    31.967   210.776
  W5:overwrite4K_orig4KiB                0.976    25.031   201.292    19.037   191.697
  W5:overwrite4K_orig64KiB               0.984    25.160   202.109    19.004   191.981
  W5:overwrite4K_orig1MiB                1.172    26.768   204.673    20.628   193.980
  W5:overwrite4K_orig16MiB               1.336    46.689   258.277    40.344   301.489
  W6:writes_x1                           1.206    27.386   228.500    29.462   218.294
  W6:writes_x10                          1.190    57.958   228.744    33.658   218.563
  W6:writes_x100                         1.457    61.234   230.178    34.954   218.752
  W6:writes_x1000                        3.168    79.392   233.000    58.450   223.418
  W7:files_x1                            1.017    49.700   226.641    28.288   215.021
  W7:files_x10                           1.221    75.444   236.254    22.328   216.532
  W7:files_x100                          3.246   176.946   345.388    66.955   223.198
  W7:files_x500                         13.550  1677.853   829.183   239.820   257.584
  W8:rename_x1                           1.009    23.559   203.556    18.256   193.456
  W8:rename_x10                          1.127    25.724   225.878    20.027   205.203
  W8:rename_x100                         3.256    54.430   450.544    36.456   322.160
  W8:rename_x500                        13.143   305.951  1459.706   114.264   848.084
  W9a:single_1KiB                        0.967    23.483   196.856    28.740   188.357
  W9a:single_10KiB                       0.987    41.726   196.910    33.393   188.217
  W9a:single_100KiB                      1.198    29.471   197.203    24.536   188.776
  W9a:single_1MiB                        4.348    53.634   199.799    48.791   191.003
  W9b:entries_x10                        8.143    42.769   216.350    47.521   207.591
  W9b:entries_x100                      60.349   133.721   374.395   154.393   372.098
  W9b:entries_x300                     176.292   341.521   732.275   348.392   714.998
  W9b:entries_x1000                    582.242  1049.513  1956.819  1067.242  1950.712
  W10:mem_16MiB                          0.960    65.402   194.883    67.895   186.341
  W10:mem_64MiB                          0.968    88.248   195.553    90.806   187.244
  W10:mem_256MiB                         0.934    72.262   195.831   111.574   187.200
  W10:mem_1GiB                           0.980   134.714   195.842   152.024   187.372

==============================================================================


[done] RQ3 baseline (hs) experiments complete.

══════════════════════════════════════════════════════════
  RQ3 baseline 实验完成 (engine=hs, exit=0)
  结果: /home/xht/桌面/penumbra-work/RQ2/speculative_shadow/experiments/rq3/results/rq3_baseline_hs.json
══════════════════════════════════════════════════════════

=== [3/3] hs exit=0 — 2026-09-18 22:50:14 ===
